[0.109s] Invoking command in '/home/mmms/ros2-ws/build/update_pegasus_description': CMAKE_PREFIX_PATH=${CMAKE_PREFIX_PATH}:/opt/ros/jazzy DEBUGINFOD_URLS=https://debuginfod.ubuntu.com /usr/bin/cmake /home/mmms/ros2-ws/src/update_pegasus_description -DCMAKE_INSTALL_PREFIX=/home/mmms/ros2-ws/install/update_pegasus_description
[3.230s] -- The C compiler identification is GNU 13.3.0
[4.772s] -- The CXX compiler identification is GNU 13.3.0
[5.129s] -- Detecting C compiler ABI info
[5.564s] -- Detecting C compiler ABI info - done
[5.586s] -- Check for working C compiler: /usr/bin/cc - skipped
[5.611s] -- Detecting C compile features
[5.618s] -- Detecting C compile features - done
[5.730s] -- Detecting CXX compiler ABI info
[6.041s] -- Detecting CXX compiler ABI info - done
[6.071s] -- Check for working CXX compiler: /usr/bin/c++ - skipped
[6.072s] -- Detecting CXX compile features
[6.074s] -- Detecting CXX compile features - done
[6.415s] -- Found ament_cmake: 2.5.4 (/opt/ros/jazzy/share/ament_cmake/cmake)
[6.886s] -- Found Python3: /usr/bin/python3 (found version "3.12.3") found components: Interpreter 
[7.516s] -- Configuring done (6.7s)
[7.520s] -- Generating done (0.0s)
[7.541s] -- Build files have been written to: /home/mmms/ros2-ws/build/update_pegasus_description
[7.552s] Invoked command in '/home/mmms/ros2-ws/build/update_pegasus_description' returned '0': CMAKE_PREFIX_PATH=${CMAKE_PREFIX_PATH}:/opt/ros/jazzy DEBUGINFOD_URLS=https://debuginfod.ubuntu.com /usr/bin/cmake /home/mmms/ros2-ws/src/update_pegasus_description -DCMAKE_INSTALL_PREFIX=/home/mmms/ros2-ws/install/update_pegasus_description
[7.554s] Invoking command in '/home/mmms/ros2-ws/build/update_pegasus_description': CMAKE_PREFIX_PATH=${CMAKE_PREFIX_PATH}:/opt/ros/jazzy DEBUGINFOD_URLS=https://debuginfod.ubuntu.com /usr/bin/cmake --build /home/mmms/ros2-ws/build/update_pegasus_description -- -j4 -l4
[7.630s] Invoked command in '/home/mmms/ros2-ws/build/update_pegasus_description' returned '0': CMAKE_PREFIX_PATH=${CMAKE_PREFIX_PATH}:/opt/ros/jazzy DEBUGINFOD_URLS=https://debuginfod.ubuntu.com /usr/bin/cmake --build /home/mmms/ros2-ws/build/update_pegasus_description -- -j4 -l4
[7.647s] Invoking command in '/home/mmms/ros2-ws/build/update_pegasus_description': CMAKE_PREFIX_PATH=${CMAKE_PREFIX_PATH}:/opt/ros/jazzy DEBUGINFOD_URLS=https://debuginfod.ubuntu.com /usr/bin/cmake --install /home/mmms/ros2-ws/build/update_pegasus_description
[7.661s] -- Install configuration: ""
[7.662s] -- Installing: /home/mmms/ros2-ws/install/update_pegasus_description/share/ament_index/resource_index/package_run_dependencies/update_pegasus_description
[7.662s] -- Installing: /home/mmms/ros2-ws/install/update_pegasus_description/share/ament_index/resource_index/parent_prefix_path/update_pegasus_description
[7.663s] -- Installing: /home/mmms/ros2-ws/install/update_pegasus_description/share/update_pegasus_description/environment/ament_prefix_path.sh
[7.663s] -- Installing: /home/mmms/ros2-ws/install/update_pegasus_description/share/update_pegasus_description/environment/ament_prefix_path.dsv
[7.663s] -- Installing: /home/mmms/ros2-ws/install/update_pegasus_description/share/update_pegasus_description/environment/path.sh
[7.663s] -- Installing: /home/mmms/ros2-ws/install/update_pegasus_description/share/update_pegasus_description/environment/path.dsv
[7.664s] -- Installing: /home/mmms/ros2-ws/install/update_pegasus_description/share/update_pegasus_description/local_setup.bash
[7.664s] -- Installing: /home/mmms/ros2-ws/install/update_pegasus_description/share/update_pegasus_description/local_setup.sh
[7.664s] -- Installing: /home/mmms/ros2-ws/install/update_pegasus_description/share/update_pegasus_description/local_setup.zsh
[7.664s] -- Installing: /home/mmms/ros2-ws/install/update_pegasus_description/share/update_pegasus_description/local_setup.dsv
[7.664s] -- Installing: /home/mmms/ros2-ws/install/update_pegasus_description/share/update_pegasus_description/package.dsv
[7.665s] -- Installing: /home/mmms/ros2-ws/install/update_pegasus_description/share/ament_index/resource_index/packages/update_pegasus_description
[7.665s] -- Installing: /home/mmms/ros2-ws/install/update_pegasus_description/share/update_pegasus_description/cmake/update_pegasus_descriptionConfig.cmake
[7.665s] -- Installing: /home/mmms/ros2-ws/install/update_pegasus_description/share/update_pegasus_description/cmake/update_pegasus_descriptionConfig-version.cmake
[7.666s] -- Installing: /home/mmms/ros2-ws/install/update_pegasus_description/share/update_pegasus_description/package.xml
[7.666s] -- Installing: /home/mmms/ros2-ws/install/update_pegasus_description/share/update_pegasus_description/launch
[7.666s] -- Installing: /home/mmms/ros2-ws/install/update_pegasus_description/share/update_pegasus_description/launch/demo.launch.py
[7.666s] -- Installing: /home/mmms/ros2-ws/install/update_pegasus_description/share/update_pegasus_description/launch/tester.launch.py
[7.666s] -- Installing: /home/mmms/ros2-ws/install/update_pegasus_description/share/update_pegasus_description/launch/spawn.launch.py
[7.667s] -- Installing: /home/mmms/ros2-ws/install/update_pegasus_description/share/update_pegasus_description/launch/rsp.launch.py
[7.667s] -- Installing: /home/mmms/ros2-ws/install/update_pegasus_description/share/update_pegasus_description/launch/move_group.launch.py
[7.667s] -- Installing: /home/mmms/ros2-ws/install/update_pegasus_description/share/update_pegasus_description/launch/pegasus.launch.py
[7.667s] -- Installing: /home/mmms/ros2-ws/install/update_pegasus_description/share/update_pegasus_description/launch/static_virtual_joint_tfs.launch.py
[7.668s] -- Installing: /home/mmms/ros2-ws/install/update_pegasus_description/share/update_pegasus_description/launch/spawn_controllers.launch.py
[7.668s] -- Installing: /home/mmms/ros2-ws/install/update_pegasus_description/share/update_pegasus_description/launch/warehouse_db.launch.py
[7.668s] -- Installing: /home/mmms/ros2-ws/install/update_pegasus_description/share/update_pegasus_description/launch/moveit_rviz.launch.py
[7.669s] -- Installing: /home/mmms/ros2-ws/install/update_pegasus_description/share/update_pegasus_description/launch/setup_assistant.launch.py
[7.669s] -- Installing: /home/mmms/ros2-ws/install/update_pegasus_description/share/update_pegasus_description/launch/display.launch.py
[7.669s] -- Installing: /home/mmms/ros2-ws/install/update_pegasus_description/share/update_pegasus_description/config
[7.670s] -- Installing: /home/mmms/ros2-ws/install/update_pegasus_description/share/update_pegasus_description/config/ros2_controllers.yaml
[7.670s] -- Installing: /home/mmms/ros2-ws/install/update_pegasus_description/share/update_pegasus_description/config/pilz_cartesian_limits.yaml
[7.670s] -- Installing: /home/mmms/ros2-ws/install/update_pegasus_description/share/update_pegasus_description/config/initial_positions.yaml
[7.671s] -- Installing: /home/mmms/ros2-ws/install/update_pegasus_description/share/update_pegasus_description/config/pegasus.urdf.xacro
[7.671s] -- Installing: /home/mmms/ros2-ws/install/update_pegasus_description/share/update_pegasus_description/config/moveit_controllers.yaml
[7.671s] -- Installing: /home/mmms/ros2-ws/install/update_pegasus_description/share/update_pegasus_description/config/joint_limits.yaml
[7.671s] -- Installing: /home/mmms/ros2-ws/install/update_pegasus_description/share/update_pegasus_description/config/pegasus.ros2_control.xacro
[7.672s] -- Installing: /home/mmms/ros2-ws/install/update_pegasus_description/share/update_pegasus_description/config/pegasus.srdf
[7.672s] -- Installing: /home/mmms/ros2-ws/install/update_pegasus_description/share/update_pegasus_description/config/kinematics.yaml
[7.672s] -- Installing: /home/mmms/ros2-ws/install/update_pegasus_description/share/update_pegasus_description/config/moveit.rviz
[7.672s] -- Installing: /home/mmms/ros2-ws/install/update_pegasus_description/share/update_pegasus_description/.setup_assistant
[7.673s] -- Installing: /home/mmms/ros2-ws/install/update_pegasus_description/lib/update_pegasus_description/pegasus_commander.py
[7.673s] -- Installing: /home/mmms/ros2-ws/install/update_pegasus_description/lib/update_pegasus_description/planned_path_listener.py
[7.675s] Invoked command in '/home/mmms/ros2-ws/build/update_pegasus_description' returned '0': CMAKE_PREFIX_PATH=${CMAKE_PREFIX_PATH}:/opt/ros/jazzy DEBUGINFOD_URLS=https://debuginfod.ubuntu.com /usr/bin/cmake --install /home/mmms/ros2-ws/build/update_pegasus_description
