[4.025s] DEBUG:colcon:Command line arguments: ['/usr/bin/colcon', 'build', '--packages-select', 'update_pegasus_description']
[4.025s] DEBUG:colcon:Parsed command line arguments: Namespace(log_base=None, log_level=None, verb_name='build', build_base='build', install_base='install', merge_install=False, symlink_install=False, test_result_base=None, continue_on_error=False, executor='parallel', parallel_workers=4, event_handlers=None, ignore_user_meta=False, metas=['./colcon.meta'], base_paths=['.'], packages_ignore=None, packages_ignore_regex=None, paths=None, packages_up_to=None, packages_up_to_regex=None, packages_above=None, packages_above_and_dependencies=None, packages_above_depth=None, packages_select_by_dep=None, packages_skip_by_dep=None, packages_skip_up_to=None, packages_select_build_failed=False, packages_skip_build_finished=False, packages_select_test_failures=False, packages_skip_test_passed=False, packages_select=['update_pegasus_description'], packages_skip=None, packages_select_regex=None, packages_skip_regex=None, packages_start=None, packages_end=None, allow_overriding=[], cmake_args=None, cmake_target=None, cmake_target_skip_unavailable=False, cmake_clean_cache=False, cmake_clean_first=False, cmake_force_configure=False, ament_cmake_args=None, catkin_cmake_args=None, catkin_skip_building_tests=False, mixin_files=None, mixin=None, verb_parser=<colcon_mixin.mixin.mixin_argument.MixinArgumentDecorator object at 0x7f47e0399d30>, verb_extension=<colcon_core.verb.build.BuildVerb object at 0x7f47e04d6450>, main=<bound method BuildVerb.main of <colcon_core.verb.build.BuildVerb object at 0x7f47e04d6450>>, mixin_verb=('build',))
[4.752s] Level 1:colcon.colcon_core.package_discovery:discover_packages(colcon_meta) check parameters
[4.752s] Level 1:colcon.colcon_core.package_discovery:discover_packages(recursive) check parameters
[4.753s] Level 1:colcon.colcon_core.package_discovery:discover_packages(ignore) check parameters
[4.753s] Level 1:colcon.colcon_core.package_discovery:discover_packages(path) check parameters
[4.753s] Level 1:colcon.colcon_core.package_discovery:discover_packages(colcon_meta) discover
[4.753s] Level 1:colcon.colcon_core.package_discovery:discover_packages(recursive) discover
[4.753s] INFO:colcon.colcon_core.package_discovery:Crawling recursively for packages in '/home/mmms/ros2-ws'
[4.753s] Level 1:colcon.colcon_core.package_identification:_identify(.) by extensions ['ignore', 'ignore_ament_install']
[4.753s] Level 1:colcon.colcon_core.package_identification:_identify(.) by extension 'ignore'
[4.753s] Level 1:colcon.colcon_core.package_identification:_identify(.) by extension 'ignore_ament_install'
[4.753s] Level 1:colcon.colcon_core.package_identification:_identify(.) by extensions ['colcon_pkg']
[4.753s] Level 1:colcon.colcon_core.package_identification:_identify(.) by extension 'colcon_pkg'
[4.753s] Level 1:colcon.colcon_core.package_identification:_identify(.) by extensions ['colcon_meta']
[4.753s] Level 1:colcon.colcon_core.package_identification:_identify(.) by extension 'colcon_meta'
[4.754s] Level 1:colcon.colcon_core.package_identification:_identify(.) by extensions ['ros']
[4.754s] Level 1:colcon.colcon_core.package_identification:_identify(.) by extension 'ros'
[5.223s] Level 1:colcon.colcon_core.package_identification:_identify(.) by extensions ['cmake', 'python']
[5.223s] Level 1:colcon.colcon_core.package_identification:_identify(.) by extension 'cmake'
[5.223s] Level 1:colcon.colcon_core.package_identification:_identify(.) by extension 'python'
[5.223s] Level 1:colcon.colcon_core.package_identification:_identify(.) by extensions ['python_setup_py']
[5.223s] Level 1:colcon.colcon_core.package_identification:_identify(.) by extension 'python_setup_py'
[5.230s] Level 1:colcon.colcon_core.package_identification:_identify(build) by extensions ['ignore', 'ignore_ament_install']
[5.230s] Level 1:colcon.colcon_core.package_identification:_identify(build) by extension 'ignore'
[5.230s] Level 1:colcon.colcon_core.package_identification:_identify(build) ignored
[5.231s] Level 1:colcon.colcon_core.package_identification:_identify(gazebo_ros) by extensions ['ignore', 'ignore_ament_install']
[5.231s] Level 1:colcon.colcon_core.package_identification:_identify(gazebo_ros) by extension 'ignore'
[5.231s] Level 1:colcon.colcon_core.package_identification:_identify(gazebo_ros) by extension 'ignore_ament_install'
[5.231s] Level 1:colcon.colcon_core.package_identification:_identify(gazebo_ros) by extensions ['colcon_pkg']
[5.231s] Level 1:colcon.colcon_core.package_identification:_identify(gazebo_ros) by extension 'colcon_pkg'
[5.231s] Level 1:colcon.colcon_core.package_identification:_identify(gazebo_ros) by extensions ['colcon_meta']
[5.231s] Level 1:colcon.colcon_core.package_identification:_identify(gazebo_ros) by extension 'colcon_meta'
[5.231s] Level 1:colcon.colcon_core.package_identification:_identify(gazebo_ros) by extensions ['ros']
[5.231s] Level 1:colcon.colcon_core.package_identification:_identify(gazebo_ros) by extension 'ros'
[5.231s] Level 1:colcon.colcon_core.package_identification:_identify(gazebo_ros) by extensions ['cmake', 'python']
[5.231s] Level 1:colcon.colcon_core.package_identification:_identify(gazebo_ros) by extension 'cmake'
[5.231s] Level 1:colcon.colcon_core.package_identification:_identify(gazebo_ros) by extension 'python'
[5.232s] Level 1:colcon.colcon_core.package_identification:_identify(gazebo_ros) by extensions ['python_setup_py']
[5.232s] Level 1:colcon.colcon_core.package_identification:_identify(gazebo_ros) by extension 'python_setup_py'
[5.232s] Level 1:colcon.colcon_core.package_identification:_identify(gazebo_ros/share) by extensions ['ignore', 'ignore_ament_install']
[5.232s] Level 1:colcon.colcon_core.package_identification:_identify(gazebo_ros/share) by extension 'ignore'
[5.232s] Level 1:colcon.colcon_core.package_identification:_identify(gazebo_ros/share) by extension 'ignore_ament_install'
[5.232s] Level 1:colcon.colcon_core.package_identification:_identify(gazebo_ros/share) by extensions ['colcon_pkg']
[5.232s] Level 1:colcon.colcon_core.package_identification:_identify(gazebo_ros/share) by extension 'colcon_pkg'
[5.232s] Level 1:colcon.colcon_core.package_identification:_identify(gazebo_ros/share) by extensions ['colcon_meta']
[5.232s] Level 1:colcon.colcon_core.package_identification:_identify(gazebo_ros/share) by extension 'colcon_meta'
[5.232s] Level 1:colcon.colcon_core.package_identification:_identify(gazebo_ros/share) by extensions ['ros']
[5.232s] Level 1:colcon.colcon_core.package_identification:_identify(gazebo_ros/share) by extension 'ros'
[5.232s] Level 1:colcon.colcon_core.package_identification:_identify(gazebo_ros/share) by extensions ['cmake', 'python']
[5.232s] Level 1:colcon.colcon_core.package_identification:_identify(gazebo_ros/share) by extension 'cmake'
[5.233s] Level 1:colcon.colcon_core.package_identification:_identify(gazebo_ros/share) by extension 'python'
[5.233s] Level 1:colcon.colcon_core.package_identification:_identify(gazebo_ros/share) by extensions ['python_setup_py']
[5.233s] Level 1:colcon.colcon_core.package_identification:_identify(gazebo_ros/share) by extension 'python_setup_py'
[5.233s] Level 1:colcon.colcon_core.package_identification:_identify(gazebo_ros/share/colcon-core) by extensions ['ignore', 'ignore_ament_install']
[5.233s] Level 1:colcon.colcon_core.package_identification:_identify(gazebo_ros/share/colcon-core) by extension 'ignore'
[5.233s] Level 1:colcon.colcon_core.package_identification:_identify(gazebo_ros/share/colcon-core) by extension 'ignore_ament_install'
[5.233s] Level 1:colcon.colcon_core.package_identification:_identify(gazebo_ros/share/colcon-core) by extensions ['colcon_pkg']
[5.233s] Level 1:colcon.colcon_core.package_identification:_identify(gazebo_ros/share/colcon-core) by extension 'colcon_pkg'
[5.234s] Level 1:colcon.colcon_core.package_identification:_identify(gazebo_ros/share/colcon-core) by extensions ['colcon_meta']
[5.234s] Level 1:colcon.colcon_core.package_identification:_identify(gazebo_ros/share/colcon-core) by extension 'colcon_meta'
[5.234s] Level 1:colcon.colcon_core.package_identification:_identify(gazebo_ros/share/colcon-core) by extensions ['ros']
[5.234s] Level 1:colcon.colcon_core.package_identification:_identify(gazebo_ros/share/colcon-core) by extension 'ros'
[5.234s] Level 1:colcon.colcon_core.package_identification:_identify(gazebo_ros/share/colcon-core) by extensions ['cmake', 'python']
[5.234s] Level 1:colcon.colcon_core.package_identification:_identify(gazebo_ros/share/colcon-core) by extension 'cmake'
[5.234s] Level 1:colcon.colcon_core.package_identification:_identify(gazebo_ros/share/colcon-core) by extension 'python'
[5.234s] Level 1:colcon.colcon_core.package_identification:_identify(gazebo_ros/share/colcon-core) by extensions ['python_setup_py']
[5.234s] Level 1:colcon.colcon_core.package_identification:_identify(gazebo_ros/share/colcon-core) by extension 'python_setup_py'
[5.235s] Level 1:colcon.colcon_core.package_identification:_identify(gazebo_ros/share/colcon-core/packages) by extensions ['ignore', 'ignore_ament_install']
[5.235s] Level 1:colcon.colcon_core.package_identification:_identify(gazebo_ros/share/colcon-core/packages) by extension 'ignore'
[5.235s] Level 1:colcon.colcon_core.package_identification:_identify(gazebo_ros/share/colcon-core/packages) by extension 'ignore_ament_install'
[5.235s] Level 1:colcon.colcon_core.package_identification:_identify(gazebo_ros/share/colcon-core/packages) by extensions ['colcon_pkg']
[5.235s] Level 1:colcon.colcon_core.package_identification:_identify(gazebo_ros/share/colcon-core/packages) by extension 'colcon_pkg'
[5.235s] Level 1:colcon.colcon_core.package_identification:_identify(gazebo_ros/share/colcon-core/packages) by extensions ['colcon_meta']
[5.235s] Level 1:colcon.colcon_core.package_identification:_identify(gazebo_ros/share/colcon-core/packages) by extension 'colcon_meta'
[5.235s] Level 1:colcon.colcon_core.package_identification:_identify(gazebo_ros/share/colcon-core/packages) by extensions ['ros']
[5.235s] Level 1:colcon.colcon_core.package_identification:_identify(gazebo_ros/share/colcon-core/packages) by extension 'ros'
[5.235s] Level 1:colcon.colcon_core.package_identification:_identify(gazebo_ros/share/colcon-core/packages) by extensions ['cmake', 'python']
[5.235s] Level 1:colcon.colcon_core.package_identification:_identify(gazebo_ros/share/colcon-core/packages) by extension 'cmake'
[5.235s] Level 1:colcon.colcon_core.package_identification:_identify(gazebo_ros/share/colcon-core/packages) by extension 'python'
[5.236s] Level 1:colcon.colcon_core.package_identification:_identify(gazebo_ros/share/colcon-core/packages) by extensions ['python_setup_py']
[5.236s] Level 1:colcon.colcon_core.package_identification:_identify(gazebo_ros/share/colcon-core/packages) by extension 'python_setup_py'
[5.236s] Level 1:colcon.colcon_core.package_identification:_identify(gazebo_ros/share/gazebo_ros) by extensions ['ignore', 'ignore_ament_install']
[5.236s] Level 1:colcon.colcon_core.package_identification:_identify(gazebo_ros/share/gazebo_ros) by extension 'ignore'
[5.236s] Level 1:colcon.colcon_core.package_identification:_identify(gazebo_ros/share/gazebo_ros) by extension 'ignore_ament_install'
[5.236s] Level 1:colcon.colcon_core.package_identification:_identify(gazebo_ros/share/gazebo_ros) by extensions ['colcon_pkg']
[5.236s] Level 1:colcon.colcon_core.package_identification:_identify(gazebo_ros/share/gazebo_ros) by extension 'colcon_pkg'
[5.236s] Level 1:colcon.colcon_core.package_identification:_identify(gazebo_ros/share/gazebo_ros) by extensions ['colcon_meta']
[5.236s] Level 1:colcon.colcon_core.package_identification:_identify(gazebo_ros/share/gazebo_ros) by extension 'colcon_meta'
[5.236s] Level 1:colcon.colcon_core.package_identification:_identify(gazebo_ros/share/gazebo_ros) by extensions ['ros']
[5.236s] Level 1:colcon.colcon_core.package_identification:_identify(gazebo_ros/share/gazebo_ros) by extension 'ros'
[5.236s] Level 1:colcon.colcon_core.package_identification:_identify(gazebo_ros/share/gazebo_ros) by extensions ['cmake', 'python']
[5.236s] Level 1:colcon.colcon_core.package_identification:_identify(gazebo_ros/share/gazebo_ros) by extension 'cmake'
[5.237s] Level 1:colcon.colcon_core.package_identification:_identify(gazebo_ros/share/gazebo_ros) by extension 'python'
[5.237s] Level 1:colcon.colcon_core.package_identification:_identify(gazebo_ros/share/gazebo_ros) by extensions ['python_setup_py']
[5.237s] Level 1:colcon.colcon_core.package_identification:_identify(gazebo_ros/share/gazebo_ros) by extension 'python_setup_py'
[5.237s] Level 1:colcon.colcon_core.package_identification:_identify(install) by extensions ['ignore', 'ignore_ament_install']
[5.237s] Level 1:colcon.colcon_core.package_identification:_identify(install) by extension 'ignore'
[5.237s] Level 1:colcon.colcon_core.package_identification:_identify(install) ignored
[5.237s] Level 1:colcon.colcon_core.package_identification:_identify(log) by extensions ['ignore', 'ignore_ament_install']
[5.237s] Level 1:colcon.colcon_core.package_identification:_identify(log) by extension 'ignore'
[5.237s] Level 1:colcon.colcon_core.package_identification:_identify(log) ignored
[5.237s] Level 1:colcon.colcon_core.package_identification:_identify(scripts) by extensions ['ignore', 'ignore_ament_install']
[5.237s] Level 1:colcon.colcon_core.package_identification:_identify(scripts) by extension 'ignore'
[5.238s] Level 1:colcon.colcon_core.package_identification:_identify(scripts) by extension 'ignore_ament_install'
[5.238s] Level 1:colcon.colcon_core.package_identification:_identify(scripts) by extensions ['colcon_pkg']
[5.238s] Level 1:colcon.colcon_core.package_identification:_identify(scripts) by extension 'colcon_pkg'
[5.238s] Level 1:colcon.colcon_core.package_identification:_identify(scripts) by extensions ['colcon_meta']
[5.238s] Level 1:colcon.colcon_core.package_identification:_identify(scripts) by extension 'colcon_meta'
[5.238s] Level 1:colcon.colcon_core.package_identification:_identify(scripts) by extensions ['ros']
[5.238s] Level 1:colcon.colcon_core.package_identification:_identify(scripts) by extension 'ros'
[5.238s] Level 1:colcon.colcon_core.package_identification:_identify(scripts) by extensions ['cmake', 'python']
[5.238s] Level 1:colcon.colcon_core.package_identification:_identify(scripts) by extension 'cmake'
[5.238s] Level 1:colcon.colcon_core.package_identification:_identify(scripts) by extension 'python'
[5.238s] Level 1:colcon.colcon_core.package_identification:_identify(scripts) by extensions ['python_setup_py']
[5.238s] Level 1:colcon.colcon_core.package_identification:_identify(scripts) by extension 'python_setup_py'
[5.238s] Level 1:colcon.colcon_core.package_identification:_identify(scripts/GUI) by extensions ['ignore', 'ignore_ament_install']
[5.238s] Level 1:colcon.colcon_core.package_identification:_identify(scripts/GUI) by extension 'ignore'
[5.245s] Level 1:colcon.colcon_core.package_identification:_identify(scripts/GUI) by extension 'ignore_ament_install'
[5.245s] Level 1:colcon.colcon_core.package_identification:_identify(scripts/GUI) by extensions ['colcon_pkg']
[5.245s] Level 1:colcon.colcon_core.package_identification:_identify(scripts/GUI) by extension 'colcon_pkg'
[5.245s] Level 1:colcon.colcon_core.package_identification:_identify(scripts/GUI) by extensions ['colcon_meta']
[5.245s] Level 1:colcon.colcon_core.package_identification:_identify(scripts/GUI) by extension 'colcon_meta'
[5.245s] Level 1:colcon.colcon_core.package_identification:_identify(scripts/GUI) by extensions ['ros']
[5.245s] Level 1:colcon.colcon_core.package_identification:_identify(scripts/GUI) by extension 'ros'
[5.246s] Level 1:colcon.colcon_core.package_identification:_identify(scripts/GUI) by extensions ['cmake', 'python']
[5.246s] Level 1:colcon.colcon_core.package_identification:_identify(scripts/GUI) by extension 'cmake'
[5.246s] Level 1:colcon.colcon_core.package_identification:_identify(scripts/GUI) by extension 'python'
[5.246s] Level 1:colcon.colcon_core.package_identification:_identify(scripts/GUI) by extensions ['python_setup_py']
[5.246s] Level 1:colcon.colcon_core.package_identification:_identify(scripts/GUI) by extension 'python_setup_py'
[5.246s] Level 1:colcon.colcon_core.package_identification:_identify(scripts/GUI/__pycache__) by extensions ['ignore', 'ignore_ament_install']
[5.246s] Level 1:colcon.colcon_core.package_identification:_identify(scripts/GUI/__pycache__) by extension 'ignore'
[5.246s] Level 1:colcon.colcon_core.package_identification:_identify(scripts/GUI/__pycache__) by extension 'ignore_ament_install'
[5.246s] Level 1:colcon.colcon_core.package_identification:_identify(scripts/GUI/__pycache__) by extensions ['colcon_pkg']
[5.246s] Level 1:colcon.colcon_core.package_identification:_identify(scripts/GUI/__pycache__) by extension 'colcon_pkg'
[5.246s] Level 1:colcon.colcon_core.package_identification:_identify(scripts/GUI/__pycache__) by extensions ['colcon_meta']
[5.247s] Level 1:colcon.colcon_core.package_identification:_identify(scripts/GUI/__pycache__) by extension 'colcon_meta'
[5.247s] Level 1:colcon.colcon_core.package_identification:_identify(scripts/GUI/__pycache__) by extensions ['ros']
[5.247s] Level 1:colcon.colcon_core.package_identification:_identify(scripts/GUI/__pycache__) by extension 'ros'
[5.247s] Level 1:colcon.colcon_core.package_identification:_identify(scripts/GUI/__pycache__) by extensions ['cmake', 'python']
[5.247s] Level 1:colcon.colcon_core.package_identification:_identify(scripts/GUI/__pycache__) by extension 'cmake'
[5.247s] Level 1:colcon.colcon_core.package_identification:_identify(scripts/GUI/__pycache__) by extension 'python'
[5.247s] Level 1:colcon.colcon_core.package_identification:_identify(scripts/GUI/__pycache__) by extensions ['python_setup_py']
[5.247s] Level 1:colcon.colcon_core.package_identification:_identify(scripts/GUI/__pycache__) by extension 'python_setup_py'
[5.247s] Level 1:colcon.colcon_core.package_identification:_identify(scripts/gripperSG90) by extensions ['ignore', 'ignore_ament_install']
[5.247s] Level 1:colcon.colcon_core.package_identification:_identify(scripts/gripperSG90) by extension 'ignore'
[5.247s] Level 1:colcon.colcon_core.package_identification:_identify(scripts/gripperSG90) by extension 'ignore_ament_install'
[5.247s] Level 1:colcon.colcon_core.package_identification:_identify(scripts/gripperSG90) by extensions ['colcon_pkg']
[5.247s] Level 1:colcon.colcon_core.package_identification:_identify(scripts/gripperSG90) by extension 'colcon_pkg'
[5.248s] Level 1:colcon.colcon_core.package_identification:_identify(scripts/gripperSG90) by extensions ['colcon_meta']
[5.248s] Level 1:colcon.colcon_core.package_identification:_identify(scripts/gripperSG90) by extension 'colcon_meta'
[5.248s] Level 1:colcon.colcon_core.package_identification:_identify(scripts/gripperSG90) by extensions ['ros']
[5.248s] Level 1:colcon.colcon_core.package_identification:_identify(scripts/gripperSG90) by extension 'ros'
[5.248s] Level 1:colcon.colcon_core.package_identification:_identify(scripts/gripperSG90) by extensions ['cmake', 'python']
[5.248s] Level 1:colcon.colcon_core.package_identification:_identify(scripts/gripperSG90) by extension 'cmake'
[5.248s] Level 1:colcon.colcon_core.package_identification:_identify(scripts/gripperSG90) by extension 'python'
[5.248s] Level 1:colcon.colcon_core.package_identification:_identify(scripts/gripperSG90) by extensions ['python_setup_py']
[5.248s] Level 1:colcon.colcon_core.package_identification:_identify(scripts/gripperSG90) by extension 'python_setup_py'
[5.248s] Level 1:colcon.colcon_core.package_identification:_identify(scripts/gripperSG90/GRIP) by extensions ['ignore', 'ignore_ament_install']
[5.248s] Level 1:colcon.colcon_core.package_identification:_identify(scripts/gripperSG90/GRIP) by extension 'ignore'
[5.249s] Level 1:colcon.colcon_core.package_identification:_identify(scripts/gripperSG90/GRIP) by extension 'ignore_ament_install'
[5.249s] Level 1:colcon.colcon_core.package_identification:_identify(scripts/gripperSG90/GRIP) by extensions ['colcon_pkg']
[5.249s] Level 1:colcon.colcon_core.package_identification:_identify(scripts/gripperSG90/GRIP) by extension 'colcon_pkg'
[5.249s] Level 1:colcon.colcon_core.package_identification:_identify(scripts/gripperSG90/GRIP) by extensions ['colcon_meta']
[5.249s] Level 1:colcon.colcon_core.package_identification:_identify(scripts/gripperSG90/GRIP) by extension 'colcon_meta'
[5.249s] Level 1:colcon.colcon_core.package_identification:_identify(scripts/gripperSG90/GRIP) by extensions ['ros']
[5.249s] Level 1:colcon.colcon_core.package_identification:_identify(scripts/gripperSG90/GRIP) by extension 'ros'
[5.249s] Level 1:colcon.colcon_core.package_identification:_identify(scripts/gripperSG90/GRIP) by extensions ['cmake', 'python']
[5.249s] Level 1:colcon.colcon_core.package_identification:_identify(scripts/gripperSG90/GRIP) by extension 'cmake'
[5.249s] Level 1:colcon.colcon_core.package_identification:_identify(scripts/gripperSG90/GRIP) by extension 'python'
[5.249s] Level 1:colcon.colcon_core.package_identification:_identify(scripts/gripperSG90/GRIP) by extensions ['python_setup_py']
[5.249s] Level 1:colcon.colcon_core.package_identification:_identify(scripts/gripperSG90/GRIP) by extension 'python_setup_py'
[5.249s] Level 1:colcon.colcon_core.package_identification:_identify(scripts/hardwareInterface) by extensions ['ignore', 'ignore_ament_install']
[5.250s] Level 1:colcon.colcon_core.package_identification:_identify(scripts/hardwareInterface) by extension 'ignore'
[5.250s] Level 1:colcon.colcon_core.package_identification:_identify(scripts/hardwareInterface) by extension 'ignore_ament_install'
[5.250s] Level 1:colcon.colcon_core.package_identification:_identify(scripts/hardwareInterface) by extensions ['colcon_pkg']
[5.250s] Level 1:colcon.colcon_core.package_identification:_identify(scripts/hardwareInterface) by extension 'colcon_pkg'
[5.250s] Level 1:colcon.colcon_core.package_identification:_identify(scripts/hardwareInterface) by extensions ['colcon_meta']
[5.250s] Level 1:colcon.colcon_core.package_identification:_identify(scripts/hardwareInterface) by extension 'colcon_meta'
[5.250s] Level 1:colcon.colcon_core.package_identification:_identify(scripts/hardwareInterface) by extensions ['ros']
[5.250s] Level 1:colcon.colcon_core.package_identification:_identify(scripts/hardwareInterface) by extension 'ros'
[5.250s] Level 1:colcon.colcon_core.package_identification:_identify(scripts/hardwareInterface) by extensions ['cmake', 'python']
[5.250s] Level 1:colcon.colcon_core.package_identification:_identify(scripts/hardwareInterface) by extension 'cmake'
[5.250s] Level 1:colcon.colcon_core.package_identification:_identify(scripts/hardwareInterface) by extension 'python'
[5.250s] Level 1:colcon.colcon_core.package_identification:_identify(scripts/hardwareInterface) by extensions ['python_setup_py']
[5.251s] Level 1:colcon.colcon_core.package_identification:_identify(scripts/hardwareInterface) by extension 'python_setup_py'
[5.251s] Level 1:colcon.colcon_core.package_identification:_identify(scripts/hardwareInterface/ManualPositioning) by extensions ['ignore', 'ignore_ament_install']
[5.251s] Level 1:colcon.colcon_core.package_identification:_identify(scripts/hardwareInterface/ManualPositioning) by extension 'ignore'
[5.251s] Level 1:colcon.colcon_core.package_identification:_identify(scripts/hardwareInterface/ManualPositioning) by extension 'ignore_ament_install'
[5.251s] Level 1:colcon.colcon_core.package_identification:_identify(scripts/hardwareInterface/ManualPositioning) by extensions ['colcon_pkg']
[5.251s] Level 1:colcon.colcon_core.package_identification:_identify(scripts/hardwareInterface/ManualPositioning) by extension 'colcon_pkg'
[5.251s] Level 1:colcon.colcon_core.package_identification:_identify(scripts/hardwareInterface/ManualPositioning) by extensions ['colcon_meta']
[5.251s] Level 1:colcon.colcon_core.package_identification:_identify(scripts/hardwareInterface/ManualPositioning) by extension 'colcon_meta'
[5.251s] Level 1:colcon.colcon_core.package_identification:_identify(scripts/hardwareInterface/ManualPositioning) by extensions ['ros']
[5.251s] Level 1:colcon.colcon_core.package_identification:_identify(scripts/hardwareInterface/ManualPositioning) by extension 'ros'
[5.252s] Level 1:colcon.colcon_core.package_identification:_identify(scripts/hardwareInterface/ManualPositioning) by extensions ['cmake', 'python']
[5.252s] Level 1:colcon.colcon_core.package_identification:_identify(scripts/hardwareInterface/ManualPositioning) by extension 'cmake'
[5.252s] Level 1:colcon.colcon_core.package_identification:_identify(scripts/hardwareInterface/ManualPositioning) by extension 'python'
[5.252s] Level 1:colcon.colcon_core.package_identification:_identify(scripts/hardwareInterface/ManualPositioning) by extensions ['python_setup_py']
[5.252s] Level 1:colcon.colcon_core.package_identification:_identify(scripts/hardwareInterface/ManualPositioning) by extension 'python_setup_py'
[5.252s] Level 1:colcon.colcon_core.package_identification:_identify(scripts/interface) by extensions ['ignore', 'ignore_ament_install']
[5.252s] Level 1:colcon.colcon_core.package_identification:_identify(scripts/interface) by extension 'ignore'
[5.252s] Level 1:colcon.colcon_core.package_identification:_identify(scripts/interface) by extension 'ignore_ament_install'
[5.252s] Level 1:colcon.colcon_core.package_identification:_identify(scripts/interface) by extensions ['colcon_pkg']
[5.252s] Level 1:colcon.colcon_core.package_identification:_identify(scripts/interface) by extension 'colcon_pkg'
[5.252s] Level 1:colcon.colcon_core.package_identification:_identify(scripts/interface) by extensions ['colcon_meta']
[5.252s] Level 1:colcon.colcon_core.package_identification:_identify(scripts/interface) by extension 'colcon_meta'
[5.252s] Level 1:colcon.colcon_core.package_identification:_identify(scripts/interface) by extensions ['ros']
[5.253s] Level 1:colcon.colcon_core.package_identification:_identify(scripts/interface) by extension 'ros'
[5.253s] Level 1:colcon.colcon_core.package_identification:_identify(scripts/interface) by extensions ['cmake', 'python']
[5.253s] Level 1:colcon.colcon_core.package_identification:_identify(scripts/interface) by extension 'cmake'
[5.253s] Level 1:colcon.colcon_core.package_identification:_identify(scripts/interface) by extension 'python'
[5.253s] Level 1:colcon.colcon_core.package_identification:_identify(scripts/interface) by extensions ['python_setup_py']
[5.253s] Level 1:colcon.colcon_core.package_identification:_identify(scripts/interface) by extension 'python_setup_py'
[5.253s] Level 1:colcon.colcon_core.package_identification:_identify(scripts/interface/H_interface) by extensions ['ignore', 'ignore_ament_install']
[5.253s] Level 1:colcon.colcon_core.package_identification:_identify(scripts/interface/H_interface) by extension 'ignore'
[5.253s] Level 1:colcon.colcon_core.package_identification:_identify(scripts/interface/H_interface) by extension 'ignore_ament_install'
[5.253s] Level 1:colcon.colcon_core.package_identification:_identify(scripts/interface/H_interface) by extensions ['colcon_pkg']
[5.253s] Level 1:colcon.colcon_core.package_identification:_identify(scripts/interface/H_interface) by extension 'colcon_pkg'
[5.253s] Level 1:colcon.colcon_core.package_identification:_identify(scripts/interface/H_interface) by extensions ['colcon_meta']
[5.253s] Level 1:colcon.colcon_core.package_identification:_identify(scripts/interface/H_interface) by extension 'colcon_meta'
[5.260s] Level 1:colcon.colcon_core.package_identification:_identify(scripts/interface/H_interface) by extensions ['ros']
[5.260s] Level 1:colcon.colcon_core.package_identification:_identify(scripts/interface/H_interface) by extension 'ros'
[5.260s] Level 1:colcon.colcon_core.package_identification:_identify(scripts/interface/H_interface) by extensions ['cmake', 'python']
[5.260s] Level 1:colcon.colcon_core.package_identification:_identify(scripts/interface/H_interface) by extension 'cmake'
[5.260s] Level 1:colcon.colcon_core.package_identification:_identify(scripts/interface/H_interface) by extension 'python'
[5.260s] Level 1:colcon.colcon_core.package_identification:_identify(scripts/interface/H_interface) by extensions ['python_setup_py']
[5.260s] Level 1:colcon.colcon_core.package_identification:_identify(scripts/interface/H_interface) by extension 'python_setup_py'
[5.261s] Level 1:colcon.colcon_core.package_identification:_identify(src) by extensions ['ignore', 'ignore_ament_install']
[5.261s] Level 1:colcon.colcon_core.package_identification:_identify(src) by extension 'ignore'
[5.261s] Level 1:colcon.colcon_core.package_identification:_identify(src) by extension 'ignore_ament_install'
[5.261s] Level 1:colcon.colcon_core.package_identification:_identify(src) by extensions ['colcon_pkg']
[5.261s] Level 1:colcon.colcon_core.package_identification:_identify(src) by extension 'colcon_pkg'
[5.261s] Level 1:colcon.colcon_core.package_identification:_identify(src) by extensions ['colcon_meta']
[5.261s] Level 1:colcon.colcon_core.package_identification:_identify(src) by extension 'colcon_meta'
[5.261s] Level 1:colcon.colcon_core.package_identification:_identify(src) by extensions ['ros']
[5.261s] Level 1:colcon.colcon_core.package_identification:_identify(src) by extension 'ros'
[5.261s] Level 1:colcon.colcon_core.package_identification:_identify(src) by extensions ['cmake', 'python']
[5.261s] Level 1:colcon.colcon_core.package_identification:_identify(src) by extension 'cmake'
[5.261s] Level 1:colcon.colcon_core.package_identification:_identify(src) by extension 'python'
[5.262s] Level 1:colcon.colcon_core.package_identification:_identify(src) by extensions ['python_setup_py']
[5.262s] Level 1:colcon.colcon_core.package_identification:_identify(src) by extension 'python_setup_py'
[5.262s] Level 1:colcon.colcon_core.package_identification:_identify(src/scripts) by extensions ['ignore', 'ignore_ament_install']
[5.262s] Level 1:colcon.colcon_core.package_identification:_identify(src/scripts) by extension 'ignore'
[5.262s] Level 1:colcon.colcon_core.package_identification:_identify(src/scripts) by extension 'ignore_ament_install'
[5.262s] Level 1:colcon.colcon_core.package_identification:_identify(src/scripts) by extensions ['colcon_pkg']
[5.262s] Level 1:colcon.colcon_core.package_identification:_identify(src/scripts) by extension 'colcon_pkg'
[5.262s] Level 1:colcon.colcon_core.package_identification:_identify(src/scripts) by extensions ['colcon_meta']
[5.262s] Level 1:colcon.colcon_core.package_identification:_identify(src/scripts) by extension 'colcon_meta'
[5.262s] Level 1:colcon.colcon_core.package_identification:_identify(src/scripts) by extensions ['ros']
[5.262s] Level 1:colcon.colcon_core.package_identification:_identify(src/scripts) by extension 'ros'
[5.262s] Level 1:colcon.colcon_core.package_identification:_identify(src/scripts) by extensions ['cmake', 'python']
[5.262s] Level 1:colcon.colcon_core.package_identification:_identify(src/scripts) by extension 'cmake'
[5.263s] Level 1:colcon.colcon_core.package_identification:_identify(src/scripts) by extension 'python'
[5.263s] Level 1:colcon.colcon_core.package_identification:_identify(src/scripts) by extensions ['python_setup_py']
[5.263s] Level 1:colcon.colcon_core.package_identification:_identify(src/scripts) by extension 'python_setup_py'
[5.263s] Level 1:colcon.colcon_core.package_identification:_identify(src/update_pegasus_description) by extensions ['ignore', 'ignore_ament_install']
[5.263s] Level 1:colcon.colcon_core.package_identification:_identify(src/update_pegasus_description) by extension 'ignore'
[5.263s] Level 1:colcon.colcon_core.package_identification:_identify(src/update_pegasus_description) by extension 'ignore_ament_install'
[5.263s] Level 1:colcon.colcon_core.package_identification:_identify(src/update_pegasus_description) by extensions ['colcon_pkg']
[5.263s] Level 1:colcon.colcon_core.package_identification:_identify(src/update_pegasus_description) by extension 'colcon_pkg'
[5.263s] Level 1:colcon.colcon_core.package_identification:_identify(src/update_pegasus_description) by extensions ['colcon_meta']
[5.263s] Level 1:colcon.colcon_core.package_identification:_identify(src/update_pegasus_description) by extension 'colcon_meta'
[5.263s] Level 1:colcon.colcon_core.package_identification:_identify(src/update_pegasus_description) by extensions ['ros']
[5.263s] Level 1:colcon.colcon_core.package_identification:_identify(src/update_pegasus_description) by extension 'ros'
[5.297s] DEBUG:colcon.colcon_core.package_identification:Package 'src/update_pegasus_description' with type 'ros.ament_cmake' and name 'update_pegasus_description'
[5.297s] Level 1:colcon.colcon_core.package_identification:_identify(test) by extensions ['ignore', 'ignore_ament_install']
[5.297s] Level 1:colcon.colcon_core.package_identification:_identify(test) by extension 'ignore'
[5.297s] Level 1:colcon.colcon_core.package_identification:_identify(test) by extension 'ignore_ament_install'
[5.297s] Level 1:colcon.colcon_core.package_identification:_identify(test) by extensions ['colcon_pkg']
[5.297s] Level 1:colcon.colcon_core.package_identification:_identify(test) by extension 'colcon_pkg'
[5.297s] Level 1:colcon.colcon_core.package_identification:_identify(test) by extensions ['colcon_meta']
[5.298s] Level 1:colcon.colcon_core.package_identification:_identify(test) by extension 'colcon_meta'
[5.298s] Level 1:colcon.colcon_core.package_identification:_identify(test) by extensions ['ros']
[5.298s] Level 1:colcon.colcon_core.package_identification:_identify(test) by extension 'ros'
[5.298s] Level 1:colcon.colcon_core.package_identification:_identify(test) by extensions ['cmake', 'python']
[5.298s] Level 1:colcon.colcon_core.package_identification:_identify(test) by extension 'cmake'
[5.298s] Level 1:colcon.colcon_core.package_identification:_identify(test) by extension 'python'
[5.298s] Level 1:colcon.colcon_core.package_identification:_identify(test) by extensions ['python_setup_py']
[5.298s] Level 1:colcon.colcon_core.package_identification:_identify(test) by extension 'python_setup_py'
[5.298s] Level 1:colcon.colcon_core.package_discovery:discover_packages(recursive) using defaults
[5.298s] Level 1:colcon.colcon_core.package_discovery:discover_packages(ignore) discover
[5.298s] Level 1:colcon.colcon_core.package_discovery:discover_packages(ignore) using defaults
[5.298s] Level 1:colcon.colcon_core.package_discovery:discover_packages(path) discover
[5.298s] Level 1:colcon.colcon_core.package_discovery:discover_packages(path) using defaults
[5.979s] Level 1:colcon.colcon_core.package_discovery:discover_packages(prefix_path) check parameters
[5.980s] Level 1:colcon.colcon_core.package_discovery:discover_packages(prefix_path) discover
[5.995s] DEBUG:colcon.colcon_installed_package_information.package_discovery:Found 1 installed packages in /home/mmms/ros2-ws/install
[5.999s] DEBUG:colcon.colcon_installed_package_information.package_discovery:Found 412 installed packages in /opt/ros/jazzy
[6.010s] Level 1:colcon.colcon_core.package_discovery:discover_packages(prefix_path) using defaults
[7.040s] Level 5:colcon.colcon_core.verb:set package 'update_pegasus_description' build argument 'cmake_args' from command line to 'None'
[7.040s] Level 5:colcon.colcon_core.verb:set package 'update_pegasus_description' build argument 'cmake_target' from command line to 'None'
[7.040s] Level 5:colcon.colcon_core.verb:set package 'update_pegasus_description' build argument 'cmake_target_skip_unavailable' from command line to 'False'
[7.040s] Level 5:colcon.colcon_core.verb:set package 'update_pegasus_description' build argument 'cmake_clean_cache' from command line to 'False'
[7.040s] Level 5:colcon.colcon_core.verb:set package 'update_pegasus_description' build argument 'cmake_clean_first' from command line to 'False'
[7.040s] Level 5:colcon.colcon_core.verb:set package 'update_pegasus_description' build argument 'cmake_force_configure' from command line to 'False'
[7.040s] Level 5:colcon.colcon_core.verb:set package 'update_pegasus_description' build argument 'ament_cmake_args' from command line to 'None'
[7.040s] Level 5:colcon.colcon_core.verb:set package 'update_pegasus_description' build argument 'catkin_cmake_args' from command line to 'None'
[7.040s] Level 5:colcon.colcon_core.verb:set package 'update_pegasus_description' build argument 'catkin_skip_building_tests' from command line to 'False'
[7.040s] DEBUG:colcon.colcon_core.verb:Building package 'update_pegasus_description' with the following arguments: {'ament_cmake_args': None, 'build_base': '/home/mmms/ros2-ws/build/update_pegasus_description', 'catkin_cmake_args': None, 'catkin_skip_building_tests': False, 'cmake_args': None, 'cmake_clean_cache': False, 'cmake_clean_first': False, 'cmake_force_configure': False, 'cmake_target': None, 'cmake_target_skip_unavailable': False, 'install_base': '/home/mmms/ros2-ws/install/update_pegasus_description', 'merge_install': False, 'path': '/home/mmms/ros2-ws/src/update_pegasus_description', 'symlink_install': False, 'test_result_base': None}
[7.040s] INFO:colcon.colcon_core.executor:Executing jobs using 'parallel' executor
[7.041s] DEBUG:colcon.colcon_parallel_executor.executor.parallel:run_until_complete
[7.042s] INFO:colcon.colcon_ros.task.ament_cmake.build:Building ROS package in '/home/mmms/ros2-ws/src/update_pegasus_description' with build type 'ament_cmake'
[7.042s] INFO:colcon.colcon_cmake.task.cmake.build:Building CMake package in '/home/mmms/ros2-ws/src/update_pegasus_description'
[7.185s] INFO:colcon.colcon_core.plugin_system:Skipping extension 'colcon_core.shell.bat': Not used on non-Windows systems
[7.185s] INFO:colcon.colcon_core.shell:Skip shell extension 'powershell' for command environment: Not usable outside of PowerShell
[7.185s] DEBUG:colcon.colcon_core.shell:Skip shell extension 'dsv' for command environment
[7.320s] DEBUG:colcon.colcon_core.event_handler.log_command:Invoking command in '/home/mmms/ros2-ws/build/update_pegasus_description': CMAKE_PREFIX_PATH=${CMAKE_PREFIX_PATH}:/opt/ros/jazzy DEBUGINFOD_URLS=https://debuginfod.ubuntu.com /usr/bin/cmake --build /home/mmms/ros2-ws/build/update_pegasus_description -- -j4 -l4
[7.594s] DEBUG:colcon.colcon_core.event_handler.log_command:Invoked command in '/home/mmms/ros2-ws/build/update_pegasus_description' returned '0': CMAKE_PREFIX_PATH=${CMAKE_PREFIX_PATH}:/opt/ros/jazzy DEBUGINFOD_URLS=https://debuginfod.ubuntu.com /usr/bin/cmake --build /home/mmms/ros2-ws/build/update_pegasus_description -- -j4 -l4
[7.616s] DEBUG:colcon.colcon_core.event_handler.log_command:Invoking command in '/home/mmms/ros2-ws/build/update_pegasus_description': CMAKE_PREFIX_PATH=${CMAKE_PREFIX_PATH}:/opt/ros/jazzy DEBUGINFOD_URLS=https://debuginfod.ubuntu.com /usr/bin/cmake --install /home/mmms/ros2-ws/build/update_pegasus_description
[7.669s] Level 1:colcon.colcon_core.environment:create_environment_scripts_only(update_pegasus_description)
[7.669s] DEBUG:colcon.colcon_core.event_handler.log_command:Invoked command in '/home/mmms/ros2-ws/build/update_pegasus_description' returned '0': CMAKE_PREFIX_PATH=${CMAKE_PREFIX_PATH}:/opt/ros/jazzy DEBUGINFOD_URLS=https://debuginfod.ubuntu.com /usr/bin/cmake --install /home/mmms/ros2-ws/build/update_pegasus_description
[7.754s] Level 1:colcon.colcon_core.environment:checking '/home/mmms/ros2-ws/install/update_pegasus_description' for CMake module files
[7.756s] Level 1:colcon.colcon_core.environment:checking '/home/mmms/ros2-ws/install/update_pegasus_description' for CMake config files
[7.778s] Level 1:colcon.colcon_core.shell:create_environment_hook('update_pegasus_description', 'cmake_prefix_path')
[7.779s] INFO:colcon.colcon_core.shell:Creating environment hook '/home/mmms/ros2-ws/install/update_pegasus_description/share/update_pegasus_description/hook/cmake_prefix_path.ps1'
[7.822s] INFO:colcon.colcon_core.shell:Creating environment descriptor '/home/mmms/ros2-ws/install/update_pegasus_description/share/update_pegasus_description/hook/cmake_prefix_path.dsv'
[7.825s] INFO:colcon.colcon_core.shell:Creating environment hook '/home/mmms/ros2-ws/install/update_pegasus_description/share/update_pegasus_description/hook/cmake_prefix_path.sh'
[7.830s] Level 1:colcon.colcon_core.environment:checking '/home/mmms/ros2-ws/install/update_pegasus_description/lib'
[7.831s] Level 1:colcon.colcon_core.environment:checking '/home/mmms/ros2-ws/install/update_pegasus_description/bin'
[7.832s] Level 1:colcon.colcon_core.environment:checking '/home/mmms/ros2-ws/install/update_pegasus_description/lib/pkgconfig/update_pegasus_description.pc'
[7.834s] Level 1:colcon.colcon_core.environment:checking '/home/mmms/ros2-ws/install/update_pegasus_description/lib/python3.12/site-packages'
[7.836s] Level 1:colcon.colcon_core.environment:checking '/home/mmms/ros2-ws/install/update_pegasus_description/bin'
[7.837s] INFO:colcon.colcon_core.shell:Creating package script '/home/mmms/ros2-ws/install/update_pegasus_description/share/update_pegasus_description/package.ps1'
[7.841s] INFO:colcon.colcon_core.shell:Creating package descriptor '/home/mmms/ros2-ws/install/update_pegasus_description/share/update_pegasus_description/package.dsv'
[7.855s] INFO:colcon.colcon_core.shell:Creating package script '/home/mmms/ros2-ws/install/update_pegasus_description/share/update_pegasus_description/package.sh'
[7.901s] INFO:colcon.colcon_core.shell:Creating package script '/home/mmms/ros2-ws/install/update_pegasus_description/share/update_pegasus_description/package.bash'
[7.910s] INFO:colcon.colcon_core.shell:Creating package script '/home/mmms/ros2-ws/install/update_pegasus_description/share/update_pegasus_description/package.zsh'
[7.914s] Level 1:colcon.colcon_core.environment:create_file_with_runtime_dependencies(/home/mmms/ros2-ws/install/update_pegasus_description/share/colcon-core/packages/update_pegasus_description)
[7.916s] Level 1:colcon.colcon_core.environment:create_environment_scripts_only(update_pegasus_description)
[7.917s] Level 1:colcon.colcon_core.environment:checking '/home/mmms/ros2-ws/install/update_pegasus_description' for CMake module files
[7.920s] Level 1:colcon.colcon_core.environment:checking '/home/mmms/ros2-ws/install/update_pegasus_description' for CMake config files
[7.920s] Level 1:colcon.colcon_core.shell:create_environment_hook('update_pegasus_description', 'cmake_prefix_path')
[7.921s] INFO:colcon.colcon_core.shell:Creating environment hook '/home/mmms/ros2-ws/install/update_pegasus_description/share/update_pegasus_description/hook/cmake_prefix_path.ps1'
[7.922s] INFO:colcon.colcon_core.shell:Creating environment descriptor '/home/mmms/ros2-ws/install/update_pegasus_description/share/update_pegasus_description/hook/cmake_prefix_path.dsv'
[7.924s] INFO:colcon.colcon_core.shell:Creating environment hook '/home/mmms/ros2-ws/install/update_pegasus_description/share/update_pegasus_description/hook/cmake_prefix_path.sh'
[7.926s] Level 1:colcon.colcon_core.environment:checking '/home/mmms/ros2-ws/install/update_pegasus_description/lib'
[7.926s] Level 1:colcon.colcon_core.environment:checking '/home/mmms/ros2-ws/install/update_pegasus_description/bin'
[7.926s] Level 1:colcon.colcon_core.environment:checking '/home/mmms/ros2-ws/install/update_pegasus_description/lib/pkgconfig/update_pegasus_description.pc'
[7.927s] Level 1:colcon.colcon_core.environment:checking '/home/mmms/ros2-ws/install/update_pegasus_description/lib/python3.12/site-packages'
[7.928s] Level 1:colcon.colcon_core.environment:checking '/home/mmms/ros2-ws/install/update_pegasus_description/bin'
[7.928s] INFO:colcon.colcon_core.shell:Creating package script '/home/mmms/ros2-ws/install/update_pegasus_description/share/update_pegasus_description/package.ps1'
[7.930s] INFO:colcon.colcon_core.shell:Creating package descriptor '/home/mmms/ros2-ws/install/update_pegasus_description/share/update_pegasus_description/package.dsv'
[7.931s] INFO:colcon.colcon_core.shell:Creating package script '/home/mmms/ros2-ws/install/update_pegasus_description/share/update_pegasus_description/package.sh'
[7.933s] INFO:colcon.colcon_core.shell:Creating package script '/home/mmms/ros2-ws/install/update_pegasus_description/share/update_pegasus_description/package.bash'
[7.934s] INFO:colcon.colcon_core.shell:Creating package script '/home/mmms/ros2-ws/install/update_pegasus_description/share/update_pegasus_description/package.zsh'
[7.936s] Level 1:colcon.colcon_core.environment:create_file_with_runtime_dependencies(/home/mmms/ros2-ws/install/update_pegasus_description/share/colcon-core/packages/update_pegasus_description)
[7.936s] DEBUG:colcon.colcon_parallel_executor.executor.parallel:closing loop
[7.937s] DEBUG:colcon.colcon_parallel_executor.executor.parallel:loop closed
[7.938s] DEBUG:colcon.colcon_parallel_executor.executor.parallel:run_until_complete finished with '0'
[7.938s] DEBUG:colcon.colcon_core.event_reactor:joining thread
[8.127s] INFO:colcon.colcon_core.plugin_system:Skipping extension 'colcon_notification.desktop_notification.terminal_notifier': Not used on non-Darwin systems
[8.127s] INFO:colcon.colcon_core.plugin_system:Skipping extension 'colcon_notification.desktop_notification.win32': Not used on non-Windows systems
[8.127s] INFO:colcon.colcon_notification.desktop_notification:Sending desktop notification using 'notify2'
[8.202s] DEBUG:colcon.colcon_core.event_reactor:joined thread
[8.202s] INFO:colcon.colcon_core.shell:Creating prefix script '/home/mmms/ros2-ws/install/local_setup.ps1'
[8.216s] INFO:colcon.colcon_core.shell:Creating prefix util module '/home/mmms/ros2-ws/install/_local_setup_util_ps1.py'
[8.221s] INFO:colcon.colcon_core.shell:Creating prefix chain script '/home/mmms/ros2-ws/install/setup.ps1'
[8.231s] INFO:colcon.colcon_core.shell:Creating prefix script '/home/mmms/ros2-ws/install/local_setup.sh'
[8.233s] INFO:colcon.colcon_core.shell:Creating prefix util module '/home/mmms/ros2-ws/install/_local_setup_util_sh.py'
[8.235s] INFO:colcon.colcon_core.shell:Creating prefix chain script '/home/mmms/ros2-ws/install/setup.sh'
[8.245s] INFO:colcon.colcon_core.shell:Creating prefix script '/home/mmms/ros2-ws/install/local_setup.bash'
[8.262s] INFO:colcon.colcon_core.shell:Creating prefix chain script '/home/mmms/ros2-ws/install/setup.bash'
[8.265s] INFO:colcon.colcon_core.shell:Creating prefix script '/home/mmms/ros2-ws/install/local_setup.zsh'
[8.267s] INFO:colcon.colcon_core.shell:Creating prefix chain script '/home/mmms/ros2-ws/install/setup.zsh'
