[0.099s] Invoking command in '/home/mmms/ros2-ws/build/update_pegasus_description': DEBUGINFOD_URLS=https://debuginfod.ubuntu.com /usr/bin/cmake --build /home/mmms/ros2-ws/build/update_pegasus_description -- -j4 -l4
[0.868s] Invoked command in '/home/mmms/ros2-ws/build/update_pegasus_description' returned '0': DEBUGINFOD_URLS=https://debuginfod.ubuntu.com /usr/bin/cmake --build /home/mmms/ros2-ws/build/update_pegasus_description -- -j4 -l4
[0.939s] Invoking command in '/home/mmms/ros2-ws/build/update_pegasus_description': DEBUGINFOD_URLS=https://debuginfod.ubuntu.com /usr/bin/cmake --install /home/mmms/ros2-ws/build/update_pegasus_description
[0.969s] -- Install configuration: ""
[0.993s] -- Up-to-date: /home/mmms/ros2-ws/install/update_pegasus_description/share/ament_index/resource_index/package_run_dependencies/update_pegasus_description
[0.994s] -- Up-to-date: /home/mmms/ros2-ws/install/update_pegasus_description/share/ament_index/resource_index/parent_prefix_path/update_pegasus_description
[0.994s] -- Up-to-date: /home/mmms/ros2-ws/install/update_pegasus_description/share/update_pegasus_description/environment/ament_prefix_path.sh
[0.994s] -- Up-to-date: /home/mmms/ros2-ws/install/update_pegasus_description/share/update_pegasus_description/environment/ament_prefix_path.dsv
[0.995s] -- Up-to-date: /home/mmms/ros2-ws/install/update_pegasus_description/share/update_pegasus_description/environment/path.sh
[0.995s] -- Up-to-date: /home/mmms/ros2-ws/install/update_pegasus_description/share/update_pegasus_description/environment/path.dsv
[0.995s] -- Up-to-date: /home/mmms/ros2-ws/install/update_pegasus_description/share/update_pegasus_description/local_setup.bash
[0.996s] -- Up-to-date: /home/mmms/ros2-ws/install/update_pegasus_description/share/update_pegasus_description/local_setup.sh
[0.996s] -- Up-to-date: /home/mmms/ros2-ws/install/update_pegasus_description/share/update_pegasus_description/local_setup.zsh
[0.996s] -- Up-to-date: /home/mmms/ros2-ws/install/update_pegasus_description/share/update_pegasus_description/local_setup.dsv
[0.996s] -- Up-to-date: /home/mmms/ros2-ws/install/update_pegasus_description/share/update_pegasus_description/package.dsv
[0.996s] -- Up-to-date: /home/mmms/ros2-ws/install/update_pegasus_description/share/ament_index/resource_index/packages/update_pegasus_description
[0.997s] -- Up-to-date: /home/mmms/ros2-ws/install/update_pegasus_description/share/update_pegasus_description/cmake/update_pegasus_descriptionConfig.cmake
[0.997s] -- Up-to-date: /home/mmms/ros2-ws/install/update_pegasus_description/share/update_pegasus_description/cmake/update_pegasus_descriptionConfig-version.cmake
[0.997s] -- Up-to-date: /home/mmms/ros2-ws/install/update_pegasus_description/share/update_pegasus_description/package.xml
[0.997s] -- Up-to-date: /home/mmms/ros2-ws/install/update_pegasus_description/share/update_pegasus_description/launch
[0.998s] -- Up-to-date: /home/mmms/ros2-ws/install/update_pegasus_description/share/update_pegasus_description/launch/demo.launch.py
[0.998s] -- Up-to-date: /home/mmms/ros2-ws/install/update_pegasus_description/share/update_pegasus_description/launch/tester.launch.py
[0.998s] -- Up-to-date: /home/mmms/ros2-ws/install/update_pegasus_description/share/update_pegasus_description/launch/spawn.launch.py
[0.998s] -- Up-to-date: /home/mmms/ros2-ws/install/update_pegasus_description/share/update_pegasus_description/launch/rsp.launch.py
[0.999s] -- Up-to-date: /home/mmms/ros2-ws/install/update_pegasus_description/share/update_pegasus_description/launch/move_group.launch.py
[0.999s] -- Up-to-date: /home/mmms/ros2-ws/install/update_pegasus_description/share/update_pegasus_description/launch/pegasus.launch.py
[0.999s] -- Up-to-date: /home/mmms/ros2-ws/install/update_pegasus_description/share/update_pegasus_description/launch/static_virtual_joint_tfs.launch.py
[0.999s] -- Up-to-date: /home/mmms/ros2-ws/install/update_pegasus_description/share/update_pegasus_description/launch/spawn_controllers.launch.py
[0.999s] -- Up-to-date: /home/mmms/ros2-ws/install/update_pegasus_description/share/update_pegasus_description/launch/warehouse_db.launch.py
[0.999s] -- Up-to-date: /home/mmms/ros2-ws/install/update_pegasus_description/share/update_pegasus_description/launch/moveit_rviz.launch.py
[0.999s] -- Up-to-date: /home/mmms/ros2-ws/install/update_pegasus_description/share/update_pegasus_description/launch/setup_assistant.launch.py
[1.000s] -- Up-to-date: /home/mmms/ros2-ws/install/update_pegasus_description/share/update_pegasus_description/launch/display.launch.py
[1.000s] -- Up-to-date: /home/mmms/ros2-ws/install/update_pegasus_description/share/update_pegasus_description/config
[1.001s] -- Up-to-date: /home/mmms/ros2-ws/install/update_pegasus_description/share/update_pegasus_description/config/ros2_controllers.yaml
[1.002s] -- Up-to-date: /home/mmms/ros2-ws/install/update_pegasus_description/share/update_pegasus_description/config/pilz_cartesian_limits.yaml
[1.003s] -- Up-to-date: /home/mmms/ros2-ws/install/update_pegasus_description/share/update_pegasus_description/config/initial_positions.yaml
[1.003s] -- Up-to-date: /home/mmms/ros2-ws/install/update_pegasus_description/share/update_pegasus_description/config/pegasus.urdf.xacro
[1.005s] -- Up-to-date: /home/mmms/ros2-ws/install/update_pegasus_description/share/update_pegasus_description/config/moveit_controllers.yaml
[1.006s] -- Up-to-date: /home/mmms/ros2-ws/install/update_pegasus_description/share/update_pegasus_description/config/joint_limits.yaml
[1.007s] -- Up-to-date: /home/mmms/ros2-ws/install/update_pegasus_description/share/update_pegasus_description/config/pegasus.ros2_control.xacro
[1.008s] -- Up-to-date: /home/mmms/ros2-ws/install/update_pegasus_description/share/update_pegasus_description/config/pegasus.srdf
[1.008s] -- Up-to-date: /home/mmms/ros2-ws/install/update_pegasus_description/share/update_pegasus_description/config/kinematics.yaml
[1.008s] -- Up-to-date: /home/mmms/ros2-ws/install/update_pegasus_description/share/update_pegasus_description/config/moveit.rviz
[1.011s] -- Up-to-date: /home/mmms/ros2-ws/install/update_pegasus_description/share/update_pegasus_description/.setup_assistant
[1.012s] -- Up-to-date: /home/mmms/ros2-ws/install/update_pegasus_description/lib/update_pegasus_description/pegasus_commander.py
[1.013s] -- Up-to-date: /home/mmms/ros2-ws/install/update_pegasus_description/lib/update_pegasus_description/planned_path_listener.py
[1.013s] Invoked command in '/home/mmms/ros2-ws/build/update_pegasus_description' returned '0': DEBUGINFOD_URLS=https://debuginfod.ubuntu.com /usr/bin/cmake --install /home/mmms/ros2-ws/build/update_pegasus_description
