[4.163s] DEBUG:colcon:Command line arguments: ['/usr/bin/colcon', 'build']
[4.163s] DEBUG:colcon:Parsed command line arguments: Namespace(log_base=None, log_level=None, verb_name='build', build_base='build', install_base='install', merge_install=False, symlink_install=False, test_result_base=None, continue_on_error=False, executor='parallel', parallel_workers=4, event_handlers=None, ignore_user_meta=False, metas=['./colcon.meta'], base_paths=['.'], packages_ignore=None, packages_ignore_regex=None, paths=None, packages_up_to=None, packages_up_to_regex=None, packages_above=None, packages_above_and_dependencies=None, packages_above_depth=None, packages_select_by_dep=None, packages_skip_by_dep=None, packages_skip_up_to=None, packages_select_build_failed=False, packages_skip_build_finished=False, packages_select_test_failures=False, packages_skip_test_passed=False, packages_select=None, packages_skip=None, packages_select_regex=None, packages_skip_regex=None, packages_start=None, packages_end=None, allow_overriding=[], cmake_args=None, cmake_target=None, cmake_target_skip_unavailable=False, cmake_clean_cache=False, cmake_clean_first=False, cmake_force_configure=False, ament_cmake_args=None, catkin_cmake_args=None, catkin_skip_building_tests=False, mixin_files=None, mixin=None, verb_parser=<colcon_mixin.mixin.mixin_argument.MixinArgumentDecorator object at 0x7ec950d33d40>, verb_extension=<colcon_core.verb.build.BuildVerb object at 0x7ec950e80170>, main=<bound method BuildVerb.main of <colcon_core.verb.build.BuildVerb object at 0x7ec950e80170>>, mixin_verb=('build',))
[4.384s] Level 1:colcon.colcon_core.package_discovery:discover_packages(colcon_meta) check parameters
[4.384s] Level 1:colcon.colcon_core.package_discovery:discover_packages(recursive) check parameters
[4.384s] Level 1:colcon.colcon_core.package_discovery:discover_packages(ignore) check parameters
[4.384s] Level 1:colcon.colcon_core.package_discovery:discover_packages(path) check parameters
[4.384s] Level 1:colcon.colcon_core.package_discovery:discover_packages(colcon_meta) discover
[4.384s] Level 1:colcon.colcon_core.package_discovery:discover_packages(recursive) discover
[4.385s] INFO:colcon.colcon_core.package_discovery:Crawling recursively for packages in '/home/mmms/ros2-ws'
[4.385s] Level 1:colcon.colcon_core.package_identification:_identify(.) by extensions ['ignore', 'ignore_ament_install']
[4.385s] Level 1:colcon.colcon_core.package_identification:_identify(.) by extension 'ignore'
[4.385s] Level 1:colcon.colcon_core.package_identification:_identify(.) by extension 'ignore_ament_install'
[4.385s] Level 1:colcon.colcon_core.package_identification:_identify(.) by extensions ['colcon_pkg']
[4.385s] Level 1:colcon.colcon_core.package_identification:_identify(.) by extension 'colcon_pkg'
[4.385s] Level 1:colcon.colcon_core.package_identification:_identify(.) by extensions ['colcon_meta']
[4.385s] Level 1:colcon.colcon_core.package_identification:_identify(.) by extension 'colcon_meta'
[4.385s] Level 1:colcon.colcon_core.package_identification:_identify(.) by extensions ['ros']
[4.385s] Level 1:colcon.colcon_core.package_identification:_identify(.) by extension 'ros'
[4.497s] Level 1:colcon.colcon_core.package_identification:_identify(.) by extensions ['cmake', 'python']
[4.497s] Level 1:colcon.colcon_core.package_identification:_identify(.) by extension 'cmake'
[4.497s] Level 1:colcon.colcon_core.package_identification:_identify(.) by extension 'python'
[4.497s] Level 1:colcon.colcon_core.package_identification:_identify(.) by extensions ['python_setup_py']
[4.497s] Level 1:colcon.colcon_core.package_identification:_identify(.) by extension 'python_setup_py'
[4.497s] Level 1:colcon.colcon_core.package_identification:_identify(build) by extensions ['ignore', 'ignore_ament_install']
[4.498s] Level 1:colcon.colcon_core.package_identification:_identify(build) by extension 'ignore'
[4.498s] Level 1:colcon.colcon_core.package_identification:_identify(build) ignored
[4.528s] Level 1:colcon.colcon_core.package_identification:_identify(gazebo_ros) by extensions ['ignore', 'ignore_ament_install']
[4.529s] Level 1:colcon.colcon_core.package_identification:_identify(gazebo_ros) by extension 'ignore'
[4.529s] Level 1:colcon.colcon_core.package_identification:_identify(gazebo_ros) by extension 'ignore_ament_install'
[4.529s] Level 1:colcon.colcon_core.package_identification:_identify(gazebo_ros) by extensions ['colcon_pkg']
[4.529s] Level 1:colcon.colcon_core.package_identification:_identify(gazebo_ros) by extension 'colcon_pkg'
[4.529s] Level 1:colcon.colcon_core.package_identification:_identify(gazebo_ros) by extensions ['colcon_meta']
[4.529s] Level 1:colcon.colcon_core.package_identification:_identify(gazebo_ros) by extension 'colcon_meta'
[4.529s] Level 1:colcon.colcon_core.package_identification:_identify(gazebo_ros) by extensions ['ros']
[4.530s] Level 1:colcon.colcon_core.package_identification:_identify(gazebo_ros) by extension 'ros'
[4.530s] Level 1:colcon.colcon_core.package_identification:_identify(gazebo_ros) by extensions ['cmake', 'python']
[4.530s] Level 1:colcon.colcon_core.package_identification:_identify(gazebo_ros) by extension 'cmake'
[4.530s] Level 1:colcon.colcon_core.package_identification:_identify(gazebo_ros) by extension 'python'
[4.530s] Level 1:colcon.colcon_core.package_identification:_identify(gazebo_ros) by extensions ['python_setup_py']
[4.530s] Level 1:colcon.colcon_core.package_identification:_identify(gazebo_ros) by extension 'python_setup_py'
[4.531s] Level 1:colcon.colcon_core.package_identification:_identify(gazebo_ros/share) by extensions ['ignore', 'ignore_ament_install']
[4.531s] Level 1:colcon.colcon_core.package_identification:_identify(gazebo_ros/share) by extension 'ignore'
[4.531s] Level 1:colcon.colcon_core.package_identification:_identify(gazebo_ros/share) by extension 'ignore_ament_install'
[4.531s] Level 1:colcon.colcon_core.package_identification:_identify(gazebo_ros/share) by extensions ['colcon_pkg']
[4.531s] Level 1:colcon.colcon_core.package_identification:_identify(gazebo_ros/share) by extension 'colcon_pkg'
[4.531s] Level 1:colcon.colcon_core.package_identification:_identify(gazebo_ros/share) by extensions ['colcon_meta']
[4.531s] Level 1:colcon.colcon_core.package_identification:_identify(gazebo_ros/share) by extension 'colcon_meta'
[4.532s] Level 1:colcon.colcon_core.package_identification:_identify(gazebo_ros/share) by extensions ['ros']
[4.532s] Level 1:colcon.colcon_core.package_identification:_identify(gazebo_ros/share) by extension 'ros'
[4.532s] Level 1:colcon.colcon_core.package_identification:_identify(gazebo_ros/share) by extensions ['cmake', 'python']
[4.532s] Level 1:colcon.colcon_core.package_identification:_identify(gazebo_ros/share) by extension 'cmake'
[4.532s] Level 1:colcon.colcon_core.package_identification:_identify(gazebo_ros/share) by extension 'python'
[4.532s] Level 1:colcon.colcon_core.package_identification:_identify(gazebo_ros/share) by extensions ['python_setup_py']
[4.532s] Level 1:colcon.colcon_core.package_identification:_identify(gazebo_ros/share) by extension 'python_setup_py'
[4.545s] Level 1:colcon.colcon_core.package_identification:_identify(gazebo_ros/share/colcon-core) by extensions ['ignore', 'ignore_ament_install']
[4.545s] Level 1:colcon.colcon_core.package_identification:_identify(gazebo_ros/share/colcon-core) by extension 'ignore'
[4.545s] Level 1:colcon.colcon_core.package_identification:_identify(gazebo_ros/share/colcon-core) by extension 'ignore_ament_install'
[4.546s] Level 1:colcon.colcon_core.package_identification:_identify(gazebo_ros/share/colcon-core) by extensions ['colcon_pkg']
[4.546s] Level 1:colcon.colcon_core.package_identification:_identify(gazebo_ros/share/colcon-core) by extension 'colcon_pkg'
[4.546s] Level 1:colcon.colcon_core.package_identification:_identify(gazebo_ros/share/colcon-core) by extensions ['colcon_meta']
[4.546s] Level 1:colcon.colcon_core.package_identification:_identify(gazebo_ros/share/colcon-core) by extension 'colcon_meta'
[4.546s] Level 1:colcon.colcon_core.package_identification:_identify(gazebo_ros/share/colcon-core) by extensions ['ros']
[4.546s] Level 1:colcon.colcon_core.package_identification:_identify(gazebo_ros/share/colcon-core) by extension 'ros'
[4.547s] Level 1:colcon.colcon_core.package_identification:_identify(gazebo_ros/share/colcon-core) by extensions ['cmake', 'python']
[4.547s] Level 1:colcon.colcon_core.package_identification:_identify(gazebo_ros/share/colcon-core) by extension 'cmake'
[4.547s] Level 1:colcon.colcon_core.package_identification:_identify(gazebo_ros/share/colcon-core) by extension 'python'
[4.547s] Level 1:colcon.colcon_core.package_identification:_identify(gazebo_ros/share/colcon-core) by extensions ['python_setup_py']
[4.547s] Level 1:colcon.colcon_core.package_identification:_identify(gazebo_ros/share/colcon-core) by extension 'python_setup_py'
[4.548s] Level 1:colcon.colcon_core.package_identification:_identify(gazebo_ros/share/colcon-core/packages) by extensions ['ignore', 'ignore_ament_install']
[4.548s] Level 1:colcon.colcon_core.package_identification:_identify(gazebo_ros/share/colcon-core/packages) by extension 'ignore'
[4.548s] Level 1:colcon.colcon_core.package_identification:_identify(gazebo_ros/share/colcon-core/packages) by extension 'ignore_ament_install'
[4.549s] Level 1:colcon.colcon_core.package_identification:_identify(gazebo_ros/share/colcon-core/packages) by extensions ['colcon_pkg']
[4.549s] Level 1:colcon.colcon_core.package_identification:_identify(gazebo_ros/share/colcon-core/packages) by extension 'colcon_pkg'
[4.549s] Level 1:colcon.colcon_core.package_identification:_identify(gazebo_ros/share/colcon-core/packages) by extensions ['colcon_meta']
[4.549s] Level 1:colcon.colcon_core.package_identification:_identify(gazebo_ros/share/colcon-core/packages) by extension 'colcon_meta'
[4.549s] Level 1:colcon.colcon_core.package_identification:_identify(gazebo_ros/share/colcon-core/packages) by extensions ['ros']
[4.549s] Level 1:colcon.colcon_core.package_identification:_identify(gazebo_ros/share/colcon-core/packages) by extension 'ros'
[4.550s] Level 1:colcon.colcon_core.package_identification:_identify(gazebo_ros/share/colcon-core/packages) by extensions ['cmake', 'python']
[4.550s] Level 1:colcon.colcon_core.package_identification:_identify(gazebo_ros/share/colcon-core/packages) by extension 'cmake'
[4.550s] Level 1:colcon.colcon_core.package_identification:_identify(gazebo_ros/share/colcon-core/packages) by extension 'python'
[4.550s] Level 1:colcon.colcon_core.package_identification:_identify(gazebo_ros/share/colcon-core/packages) by extensions ['python_setup_py']
[4.550s] Level 1:colcon.colcon_core.package_identification:_identify(gazebo_ros/share/colcon-core/packages) by extension 'python_setup_py'
[4.556s] Level 1:colcon.colcon_core.package_identification:_identify(gazebo_ros/share/gazebo_ros) by extensions ['ignore', 'ignore_ament_install']
[4.556s] Level 1:colcon.colcon_core.package_identification:_identify(gazebo_ros/share/gazebo_ros) by extension 'ignore'
[4.556s] Level 1:colcon.colcon_core.package_identification:_identify(gazebo_ros/share/gazebo_ros) by extension 'ignore_ament_install'
[4.557s] Level 1:colcon.colcon_core.package_identification:_identify(gazebo_ros/share/gazebo_ros) by extensions ['colcon_pkg']
[4.557s] Level 1:colcon.colcon_core.package_identification:_identify(gazebo_ros/share/gazebo_ros) by extension 'colcon_pkg'
[4.557s] Level 1:colcon.colcon_core.package_identification:_identify(gazebo_ros/share/gazebo_ros) by extensions ['colcon_meta']
[4.557s] Level 1:colcon.colcon_core.package_identification:_identify(gazebo_ros/share/gazebo_ros) by extension 'colcon_meta'
[4.557s] Level 1:colcon.colcon_core.package_identification:_identify(gazebo_ros/share/gazebo_ros) by extensions ['ros']
[4.557s] Level 1:colcon.colcon_core.package_identification:_identify(gazebo_ros/share/gazebo_ros) by extension 'ros'
[4.558s] Level 1:colcon.colcon_core.package_identification:_identify(gazebo_ros/share/gazebo_ros) by extensions ['cmake', 'python']
[4.558s] Level 1:colcon.colcon_core.package_identification:_identify(gazebo_ros/share/gazebo_ros) by extension 'cmake'
[4.558s] Level 1:colcon.colcon_core.package_identification:_identify(gazebo_ros/share/gazebo_ros) by extension 'python'
[4.558s] Level 1:colcon.colcon_core.package_identification:_identify(gazebo_ros/share/gazebo_ros) by extensions ['python_setup_py']
[4.558s] Level 1:colcon.colcon_core.package_identification:_identify(gazebo_ros/share/gazebo_ros) by extension 'python_setup_py'
[4.558s] Level 1:colcon.colcon_core.package_identification:_identify(install) by extensions ['ignore', 'ignore_ament_install']
[4.559s] Level 1:colcon.colcon_core.package_identification:_identify(install) by extension 'ignore'
[4.559s] Level 1:colcon.colcon_core.package_identification:_identify(install) ignored
[4.559s] Level 1:colcon.colcon_core.package_identification:_identify(log) by extensions ['ignore', 'ignore_ament_install']
[4.559s] Level 1:colcon.colcon_core.package_identification:_identify(log) by extension 'ignore'
[4.560s] Level 1:colcon.colcon_core.package_identification:_identify(log) ignored
[4.560s] Level 1:colcon.colcon_core.package_identification:_identify(scripts) by extensions ['ignore', 'ignore_ament_install']
[4.560s] Level 1:colcon.colcon_core.package_identification:_identify(scripts) by extension 'ignore'
[4.560s] Level 1:colcon.colcon_core.package_identification:_identify(scripts) by extension 'ignore_ament_install'
[4.560s] Level 1:colcon.colcon_core.package_identification:_identify(scripts) by extensions ['colcon_pkg']
[4.561s] Level 1:colcon.colcon_core.package_identification:_identify(scripts) by extension 'colcon_pkg'
[4.561s] Level 1:colcon.colcon_core.package_identification:_identify(scripts) by extensions ['colcon_meta']
[4.561s] Level 1:colcon.colcon_core.package_identification:_identify(scripts) by extension 'colcon_meta'
[4.561s] Level 1:colcon.colcon_core.package_identification:_identify(scripts) by extensions ['ros']
[4.561s] Level 1:colcon.colcon_core.package_identification:_identify(scripts) by extension 'ros'
[4.561s] Level 1:colcon.colcon_core.package_identification:_identify(scripts) by extensions ['cmake', 'python']
[4.562s] Level 1:colcon.colcon_core.package_identification:_identify(scripts) by extension 'cmake'
[4.562s] Level 1:colcon.colcon_core.package_identification:_identify(scripts) by extension 'python'
[4.562s] Level 1:colcon.colcon_core.package_identification:_identify(scripts) by extensions ['python_setup_py']
[4.562s] Level 1:colcon.colcon_core.package_identification:_identify(scripts) by extension 'python_setup_py'
[4.574s] Level 1:colcon.colcon_core.package_identification:_identify(scripts/GUI) by extensions ['ignore', 'ignore_ament_install']
[4.575s] Level 1:colcon.colcon_core.package_identification:_identify(scripts/GUI) by extension 'ignore'
[4.575s] Level 1:colcon.colcon_core.package_identification:_identify(scripts/GUI) by extension 'ignore_ament_install'
[4.575s] Level 1:colcon.colcon_core.package_identification:_identify(scripts/GUI) by extensions ['colcon_pkg']
[4.575s] Level 1:colcon.colcon_core.package_identification:_identify(scripts/GUI) by extension 'colcon_pkg'
[4.575s] Level 1:colcon.colcon_core.package_identification:_identify(scripts/GUI) by extensions ['colcon_meta']
[4.576s] Level 1:colcon.colcon_core.package_identification:_identify(scripts/GUI) by extension 'colcon_meta'
[4.576s] Level 1:colcon.colcon_core.package_identification:_identify(scripts/GUI) by extensions ['ros']
[4.576s] Level 1:colcon.colcon_core.package_identification:_identify(scripts/GUI) by extension 'ros'
[4.576s] Level 1:colcon.colcon_core.package_identification:_identify(scripts/GUI) by extensions ['cmake', 'python']
[4.576s] Level 1:colcon.colcon_core.package_identification:_identify(scripts/GUI) by extension 'cmake'
[4.576s] Level 1:colcon.colcon_core.package_identification:_identify(scripts/GUI) by extension 'python'
[4.577s] Level 1:colcon.colcon_core.package_identification:_identify(scripts/GUI) by extensions ['python_setup_py']
[4.577s] Level 1:colcon.colcon_core.package_identification:_identify(scripts/GUI) by extension 'python_setup_py'
[4.577s] Level 1:colcon.colcon_core.package_identification:_identify(scripts/hardwareInterface) by extensions ['ignore', 'ignore_ament_install']
[4.577s] Level 1:colcon.colcon_core.package_identification:_identify(scripts/hardwareInterface) by extension 'ignore'
[4.578s] Level 1:colcon.colcon_core.package_identification:_identify(scripts/hardwareInterface) by extension 'ignore_ament_install'
[4.578s] Level 1:colcon.colcon_core.package_identification:_identify(scripts/hardwareInterface) by extensions ['colcon_pkg']
[4.578s] Level 1:colcon.colcon_core.package_identification:_identify(scripts/hardwareInterface) by extension 'colcon_pkg'
[4.578s] Level 1:colcon.colcon_core.package_identification:_identify(scripts/hardwareInterface) by extensions ['colcon_meta']
[4.578s] Level 1:colcon.colcon_core.package_identification:_identify(scripts/hardwareInterface) by extension 'colcon_meta'
[4.578s] Level 1:colcon.colcon_core.package_identification:_identify(scripts/hardwareInterface) by extensions ['ros']
[4.579s] Level 1:colcon.colcon_core.package_identification:_identify(scripts/hardwareInterface) by extension 'ros'
[4.579s] Level 1:colcon.colcon_core.package_identification:_identify(scripts/hardwareInterface) by extensions ['cmake', 'python']
[4.579s] Level 1:colcon.colcon_core.package_identification:_identify(scripts/hardwareInterface) by extension 'cmake'
[4.579s] Level 1:colcon.colcon_core.package_identification:_identify(scripts/hardwareInterface) by extension 'python'
[4.579s] Level 1:colcon.colcon_core.package_identification:_identify(scripts/hardwareInterface) by extensions ['python_setup_py']
[4.580s] Level 1:colcon.colcon_core.package_identification:_identify(scripts/hardwareInterface) by extension 'python_setup_py'
[4.580s] Level 1:colcon.colcon_core.package_identification:_identify(scripts/hardwareInterface/ManualPositioning) by extensions ['ignore', 'ignore_ament_install']
[4.580s] Level 1:colcon.colcon_core.package_identification:_identify(scripts/hardwareInterface/ManualPositioning) by extension 'ignore'
[4.580s] Level 1:colcon.colcon_core.package_identification:_identify(scripts/hardwareInterface/ManualPositioning) by extension 'ignore_ament_install'
[4.581s] Level 1:colcon.colcon_core.package_identification:_identify(scripts/hardwareInterface/ManualPositioning) by extensions ['colcon_pkg']
[4.581s] Level 1:colcon.colcon_core.package_identification:_identify(scripts/hardwareInterface/ManualPositioning) by extension 'colcon_pkg'
[4.581s] Level 1:colcon.colcon_core.package_identification:_identify(scripts/hardwareInterface/ManualPositioning) by extensions ['colcon_meta']
[4.581s] Level 1:colcon.colcon_core.package_identification:_identify(scripts/hardwareInterface/ManualPositioning) by extension 'colcon_meta'
[4.581s] Level 1:colcon.colcon_core.package_identification:_identify(scripts/hardwareInterface/ManualPositioning) by extensions ['ros']
[4.581s] Level 1:colcon.colcon_core.package_identification:_identify(scripts/hardwareInterface/ManualPositioning) by extension 'ros'
[4.582s] Level 1:colcon.colcon_core.package_identification:_identify(scripts/hardwareInterface/ManualPositioning) by extensions ['cmake', 'python']
[4.582s] Level 1:colcon.colcon_core.package_identification:_identify(scripts/hardwareInterface/ManualPositioning) by extension 'cmake'
[4.582s] Level 1:colcon.colcon_core.package_identification:_identify(scripts/hardwareInterface/ManualPositioning) by extension 'python'
[4.582s] Level 1:colcon.colcon_core.package_identification:_identify(scripts/hardwareInterface/ManualPositioning) by extensions ['python_setup_py']
[4.582s] Level 1:colcon.colcon_core.package_identification:_identify(scripts/hardwareInterface/ManualPositioning) by extension 'python_setup_py'
[4.583s] Level 1:colcon.colcon_core.package_identification:_identify(scripts/interface) by extensions ['ignore', 'ignore_ament_install']
[4.583s] Level 1:colcon.colcon_core.package_identification:_identify(scripts/interface) by extension 'ignore'
[4.583s] Level 1:colcon.colcon_core.package_identification:_identify(scripts/interface) by extension 'ignore_ament_install'
[4.583s] Level 1:colcon.colcon_core.package_identification:_identify(scripts/interface) by extensions ['colcon_pkg']
[4.583s] Level 1:colcon.colcon_core.package_identification:_identify(scripts/interface) by extension 'colcon_pkg'
[4.584s] Level 1:colcon.colcon_core.package_identification:_identify(scripts/interface) by extensions ['colcon_meta']
[4.584s] Level 1:colcon.colcon_core.package_identification:_identify(scripts/interface) by extension 'colcon_meta'
[4.584s] Level 1:colcon.colcon_core.package_identification:_identify(scripts/interface) by extensions ['ros']
[4.584s] Level 1:colcon.colcon_core.package_identification:_identify(scripts/interface) by extension 'ros'
[4.584s] Level 1:colcon.colcon_core.package_identification:_identify(scripts/interface) by extensions ['cmake', 'python']
[4.585s] Level 1:colcon.colcon_core.package_identification:_identify(scripts/interface) by extension 'cmake'
[4.585s] Level 1:colcon.colcon_core.package_identification:_identify(scripts/interface) by extension 'python'
[4.585s] Level 1:colcon.colcon_core.package_identification:_identify(scripts/interface) by extensions ['python_setup_py']
[4.585s] Level 1:colcon.colcon_core.package_identification:_identify(scripts/interface) by extension 'python_setup_py'
[4.585s] Level 1:colcon.colcon_core.package_identification:_identify(scripts/interface/H_interface) by extensions ['ignore', 'ignore_ament_install']
[4.586s] Level 1:colcon.colcon_core.package_identification:_identify(scripts/interface/H_interface) by extension 'ignore'
[4.586s] Level 1:colcon.colcon_core.package_identification:_identify(scripts/interface/H_interface) by extension 'ignore_ament_install'
[4.586s] Level 1:colcon.colcon_core.package_identification:_identify(scripts/interface/H_interface) by extensions ['colcon_pkg']
[4.586s] Level 1:colcon.colcon_core.package_identification:_identify(scripts/interface/H_interface) by extension 'colcon_pkg'
[4.586s] Level 1:colcon.colcon_core.package_identification:_identify(scripts/interface/H_interface) by extensions ['colcon_meta']
[4.586s] Level 1:colcon.colcon_core.package_identification:_identify(scripts/interface/H_interface) by extension 'colcon_meta'
[4.587s] Level 1:colcon.colcon_core.package_identification:_identify(scripts/interface/H_interface) by extensions ['ros']
[4.587s] Level 1:colcon.colcon_core.package_identification:_identify(scripts/interface/H_interface) by extension 'ros'
[4.587s] Level 1:colcon.colcon_core.package_identification:_identify(scripts/interface/H_interface) by extensions ['cmake', 'python']
[4.587s] Level 1:colcon.colcon_core.package_identification:_identify(scripts/interface/H_interface) by extension 'cmake'
[4.587s] Level 1:colcon.colcon_core.package_identification:_identify(scripts/interface/H_interface) by extension 'python'
[4.588s] Level 1:colcon.colcon_core.package_identification:_identify(scripts/interface/H_interface) by extensions ['python_setup_py']
[4.588s] Level 1:colcon.colcon_core.package_identification:_identify(scripts/interface/H_interface) by extension 'python_setup_py'
[4.592s] Level 1:colcon.colcon_core.package_identification:_identify(src) by extensions ['ignore', 'ignore_ament_install']
[4.592s] Level 1:colcon.colcon_core.package_identification:_identify(src) by extension 'ignore'
[4.593s] Level 1:colcon.colcon_core.package_identification:_identify(src) by extension 'ignore_ament_install'
[4.593s] Level 1:colcon.colcon_core.package_identification:_identify(src) by extensions ['colcon_pkg']
[4.593s] Level 1:colcon.colcon_core.package_identification:_identify(src) by extension 'colcon_pkg'
[4.593s] Level 1:colcon.colcon_core.package_identification:_identify(src) by extensions ['colcon_meta']
[4.593s] Level 1:colcon.colcon_core.package_identification:_identify(src) by extension 'colcon_meta'
[4.594s] Level 1:colcon.colcon_core.package_identification:_identify(src) by extensions ['ros']
[4.594s] Level 1:colcon.colcon_core.package_identification:_identify(src) by extension 'ros'
[4.594s] Level 1:colcon.colcon_core.package_identification:_identify(src) by extensions ['cmake', 'python']
[4.594s] Level 1:colcon.colcon_core.package_identification:_identify(src) by extension 'cmake'
[4.594s] Level 1:colcon.colcon_core.package_identification:_identify(src) by extension 'python'
[4.594s] Level 1:colcon.colcon_core.package_identification:_identify(src) by extensions ['python_setup_py']
[4.594s] Level 1:colcon.colcon_core.package_identification:_identify(src) by extension 'python_setup_py'
[4.595s] Level 1:colcon.colcon_core.package_identification:_identify(src/scripts) by extensions ['ignore', 'ignore_ament_install']
[4.595s] Level 1:colcon.colcon_core.package_identification:_identify(src/scripts) by extension 'ignore'
[4.595s] Level 1:colcon.colcon_core.package_identification:_identify(src/scripts) by extension 'ignore_ament_install'
[4.595s] Level 1:colcon.colcon_core.package_identification:_identify(src/scripts) by extensions ['colcon_pkg']
[4.595s] Level 1:colcon.colcon_core.package_identification:_identify(src/scripts) by extension 'colcon_pkg'
[4.596s] Level 1:colcon.colcon_core.package_identification:_identify(src/scripts) by extensions ['colcon_meta']
[4.596s] Level 1:colcon.colcon_core.package_identification:_identify(src/scripts) by extension 'colcon_meta'
[4.596s] Level 1:colcon.colcon_core.package_identification:_identify(src/scripts) by extensions ['ros']
[4.596s] Level 1:colcon.colcon_core.package_identification:_identify(src/scripts) by extension 'ros'
[4.596s] Level 1:colcon.colcon_core.package_identification:_identify(src/scripts) by extensions ['cmake', 'python']
[4.596s] Level 1:colcon.colcon_core.package_identification:_identify(src/scripts) by extension 'cmake'
[4.596s] Level 1:colcon.colcon_core.package_identification:_identify(src/scripts) by extension 'python'
[4.596s] Level 1:colcon.colcon_core.package_identification:_identify(src/scripts) by extensions ['python_setup_py']
[4.596s] Level 1:colcon.colcon_core.package_identification:_identify(src/scripts) by extension 'python_setup_py'
[4.607s] Level 1:colcon.colcon_core.package_identification:_identify(src/update_pegasus_description) by extensions ['ignore', 'ignore_ament_install']
[4.607s] Level 1:colcon.colcon_core.package_identification:_identify(src/update_pegasus_description) by extension 'ignore'
[4.607s] Level 1:colcon.colcon_core.package_identification:_identify(src/update_pegasus_description) by extension 'ignore_ament_install'
[4.607s] Level 1:colcon.colcon_core.package_identification:_identify(src/update_pegasus_description) by extensions ['colcon_pkg']
[4.607s] Level 1:colcon.colcon_core.package_identification:_identify(src/update_pegasus_description) by extension 'colcon_pkg'
[4.607s] Level 1:colcon.colcon_core.package_identification:_identify(src/update_pegasus_description) by extensions ['colcon_meta']
[4.607s] Level 1:colcon.colcon_core.package_identification:_identify(src/update_pegasus_description) by extension 'colcon_meta'
[4.607s] Level 1:colcon.colcon_core.package_identification:_identify(src/update_pegasus_description) by extensions ['ros']
[4.607s] Level 1:colcon.colcon_core.package_identification:_identify(src/update_pegasus_description) by extension 'ros'
[4.713s] DEBUG:colcon.colcon_core.package_identification:Package 'src/update_pegasus_description' with type 'ros.ament_cmake' and name 'update_pegasus_description'
[4.714s] Level 1:colcon.colcon_core.package_identification:_identify(test) by extensions ['ignore', 'ignore_ament_install']
[4.714s] Level 1:colcon.colcon_core.package_identification:_identify(test) by extension 'ignore'
[4.715s] Level 1:colcon.colcon_core.package_identification:_identify(test) by extension 'ignore_ament_install'
[4.715s] Level 1:colcon.colcon_core.package_identification:_identify(test) by extensions ['colcon_pkg']
[4.715s] Level 1:colcon.colcon_core.package_identification:_identify(test) by extension 'colcon_pkg'
[4.716s] Level 1:colcon.colcon_core.package_identification:_identify(test) by extensions ['colcon_meta']
[4.716s] Level 1:colcon.colcon_core.package_identification:_identify(test) by extension 'colcon_meta'
[4.716s] Level 1:colcon.colcon_core.package_identification:_identify(test) by extensions ['ros']
[4.717s] Level 1:colcon.colcon_core.package_identification:_identify(test) by extension 'ros'
[4.717s] Level 1:colcon.colcon_core.package_identification:_identify(test) by extensions ['cmake', 'python']
[4.718s] Level 1:colcon.colcon_core.package_identification:_identify(test) by extension 'cmake'
[4.718s] Level 1:colcon.colcon_core.package_identification:_identify(test) by extension 'python'
[4.718s] Level 1:colcon.colcon_core.package_identification:_identify(test) by extensions ['python_setup_py']
[4.718s] Level 1:colcon.colcon_core.package_identification:_identify(test) by extension 'python_setup_py'
[4.719s] Level 1:colcon.colcon_core.package_discovery:discover_packages(recursive) using defaults
[4.719s] Level 1:colcon.colcon_core.package_discovery:discover_packages(ignore) discover
[4.719s] Level 1:colcon.colcon_core.package_discovery:discover_packages(ignore) using defaults
[4.719s] Level 1:colcon.colcon_core.package_discovery:discover_packages(path) discover
[4.719s] Level 1:colcon.colcon_core.package_discovery:discover_packages(path) using defaults
[5.167s] Level 1:colcon.colcon_core.package_discovery:discover_packages(prefix_path) check parameters
[5.167s] Level 1:colcon.colcon_core.package_discovery:discover_packages(prefix_path) discover
[5.171s] Level 1:colcon.colcon_core.package_discovery:discover_packages(prefix_path) using defaults
[5.173s] Level 5:colcon.colcon_core.verb:set package 'update_pegasus_description' build argument 'cmake_args' from command line to 'None'
[5.173s] Level 5:colcon.colcon_core.verb:set package 'update_pegasus_description' build argument 'cmake_target' from command line to 'None'
[5.174s] Level 5:colcon.colcon_core.verb:set package 'update_pegasus_description' build argument 'cmake_target_skip_unavailable' from command line to 'False'
[5.174s] Level 5:colcon.colcon_core.verb:set package 'update_pegasus_description' build argument 'cmake_clean_cache' from command line to 'False'
[5.174s] Level 5:colcon.colcon_core.verb:set package 'update_pegasus_description' build argument 'cmake_clean_first' from command line to 'False'
[5.174s] Level 5:colcon.colcon_core.verb:set package 'update_pegasus_description' build argument 'cmake_force_configure' from command line to 'False'
[5.174s] Level 5:colcon.colcon_core.verb:set package 'update_pegasus_description' build argument 'ament_cmake_args' from command line to 'None'
[5.174s] Level 5:colcon.colcon_core.verb:set package 'update_pegasus_description' build argument 'catkin_cmake_args' from command line to 'None'
[5.174s] Level 5:colcon.colcon_core.verb:set package 'update_pegasus_description' build argument 'catkin_skip_building_tests' from command line to 'False'
[5.174s] DEBUG:colcon.colcon_core.verb:Building package 'update_pegasus_description' with the following arguments: {'ament_cmake_args': None, 'build_base': '/home/mmms/ros2-ws/build/update_pegasus_description', 'catkin_cmake_args': None, 'catkin_skip_building_tests': False, 'cmake_args': None, 'cmake_clean_cache': False, 'cmake_clean_first': False, 'cmake_force_configure': False, 'cmake_target': None, 'cmake_target_skip_unavailable': False, 'install_base': '/home/mmms/ros2-ws/install/update_pegasus_description', 'merge_install': False, 'path': '/home/mmms/ros2-ws/src/update_pegasus_description', 'symlink_install': False, 'test_result_base': None}
[5.174s] INFO:colcon.colcon_core.executor:Executing jobs using 'parallel' executor
[5.175s] DEBUG:colcon.colcon_parallel_executor.executor.parallel:run_until_complete
[5.175s] INFO:colcon.colcon_ros.task.ament_cmake.build:Building ROS package in '/home/mmms/ros2-ws/src/update_pegasus_description' with build type 'ament_cmake'
[5.175s] INFO:colcon.colcon_cmake.task.cmake.build:Building CMake package in '/home/mmms/ros2-ws/src/update_pegasus_description'
[5.214s] INFO:colcon.colcon_core.plugin_system:Skipping extension 'colcon_core.shell.bat': Not used on non-Windows systems
[5.215s] INFO:colcon.colcon_core.shell:Skip shell extension 'powershell' for command environment: Not usable outside of PowerShell
[5.215s] DEBUG:colcon.colcon_core.shell:Skip shell extension 'dsv' for command environment
[5.276s] DEBUG:colcon.colcon_core.event_handler.log_command:Invoking command in '/home/mmms/ros2-ws/build/update_pegasus_description': DEBUGINFOD_URLS=https://debuginfod.ubuntu.com /usr/bin/cmake --build /home/mmms/ros2-ws/build/update_pegasus_description -- -j4 -l4
[6.044s] DEBUG:colcon.colcon_core.event_handler.log_command:Invoked command in '/home/mmms/ros2-ws/build/update_pegasus_description' returned '0': DEBUGINFOD_URLS=https://debuginfod.ubuntu.com /usr/bin/cmake --build /home/mmms/ros2-ws/build/update_pegasus_description -- -j4 -l4
[6.115s] DEBUG:colcon.colcon_core.event_handler.log_command:Invoking command in '/home/mmms/ros2-ws/build/update_pegasus_description': DEBUGINFOD_URLS=https://debuginfod.ubuntu.com /usr/bin/cmake --install /home/mmms/ros2-ws/build/update_pegasus_description
[6.186s] Level 1:colcon.colcon_core.environment:create_environment_scripts_only(update_pegasus_description)
[6.190s] DEBUG:colcon.colcon_core.event_handler.log_command:Invoked command in '/home/mmms/ros2-ws/build/update_pegasus_description' returned '0': DEBUGINFOD_URLS=https://debuginfod.ubuntu.com /usr/bin/cmake --install /home/mmms/ros2-ws/build/update_pegasus_description
[6.331s] Level 1:colcon.colcon_core.environment:checking '/home/mmms/ros2-ws/install/update_pegasus_description' for CMake module files
[6.333s] Level 1:colcon.colcon_core.environment:checking '/home/mmms/ros2-ws/install/update_pegasus_description' for CMake config files
[6.333s] Level 1:colcon.colcon_core.shell:create_environment_hook('update_pegasus_description', 'cmake_prefix_path')
[6.334s] INFO:colcon.colcon_core.shell:Creating environment hook '/home/mmms/ros2-ws/install/update_pegasus_description/share/update_pegasus_description/hook/cmake_prefix_path.ps1'
[6.378s] INFO:colcon.colcon_core.shell:Creating environment descriptor '/home/mmms/ros2-ws/install/update_pegasus_description/share/update_pegasus_description/hook/cmake_prefix_path.dsv'
[6.391s] INFO:colcon.colcon_core.shell:Creating environment hook '/home/mmms/ros2-ws/install/update_pegasus_description/share/update_pegasus_description/hook/cmake_prefix_path.sh'
[6.409s] Level 1:colcon.colcon_core.environment:checking '/home/mmms/ros2-ws/install/update_pegasus_description/lib'
[6.410s] Level 1:colcon.colcon_core.environment:checking '/home/mmms/ros2-ws/install/update_pegasus_description/bin'
[6.410s] Level 1:colcon.colcon_core.environment:checking '/home/mmms/ros2-ws/install/update_pegasus_description/lib/pkgconfig/update_pegasus_description.pc'
[6.436s] Level 1:colcon.colcon_core.environment:checking '/home/mmms/ros2-ws/install/update_pegasus_description/lib/python3.12/site-packages'
[6.437s] Level 1:colcon.colcon_core.environment:checking '/home/mmms/ros2-ws/install/update_pegasus_description/bin'
[6.439s] INFO:colcon.colcon_core.shell:Creating package script '/home/mmms/ros2-ws/install/update_pegasus_description/share/update_pegasus_description/package.ps1'
[6.450s] INFO:colcon.colcon_core.shell:Creating package descriptor '/home/mmms/ros2-ws/install/update_pegasus_description/share/update_pegasus_description/package.dsv'
[6.456s] INFO:colcon.colcon_core.shell:Creating package script '/home/mmms/ros2-ws/install/update_pegasus_description/share/update_pegasus_description/package.sh'
[6.460s] INFO:colcon.colcon_core.shell:Creating package script '/home/mmms/ros2-ws/install/update_pegasus_description/share/update_pegasus_description/package.bash'
[6.485s] INFO:colcon.colcon_core.shell:Creating package script '/home/mmms/ros2-ws/install/update_pegasus_description/share/update_pegasus_description/package.zsh'
[6.508s] Level 1:colcon.colcon_core.environment:create_file_with_runtime_dependencies(/home/mmms/ros2-ws/install/update_pegasus_description/share/colcon-core/packages/update_pegasus_description)
[6.529s] Level 1:colcon.colcon_core.environment:create_environment_scripts_only(update_pegasus_description)
[6.529s] Level 1:colcon.colcon_core.environment:checking '/home/mmms/ros2-ws/install/update_pegasus_description' for CMake module files
[6.532s] Level 1:colcon.colcon_core.environment:checking '/home/mmms/ros2-ws/install/update_pegasus_description' for CMake config files
[6.533s] Level 1:colcon.colcon_core.shell:create_environment_hook('update_pegasus_description', 'cmake_prefix_path')
[6.533s] INFO:colcon.colcon_core.shell:Creating environment hook '/home/mmms/ros2-ws/install/update_pegasus_description/share/update_pegasus_description/hook/cmake_prefix_path.ps1'
[6.535s] INFO:colcon.colcon_core.shell:Creating environment descriptor '/home/mmms/ros2-ws/install/update_pegasus_description/share/update_pegasus_description/hook/cmake_prefix_path.dsv'
[6.536s] INFO:colcon.colcon_core.shell:Creating environment hook '/home/mmms/ros2-ws/install/update_pegasus_description/share/update_pegasus_description/hook/cmake_prefix_path.sh'
[6.538s] Level 1:colcon.colcon_core.environment:checking '/home/mmms/ros2-ws/install/update_pegasus_description/lib'
[6.539s] Level 1:colcon.colcon_core.environment:checking '/home/mmms/ros2-ws/install/update_pegasus_description/bin'
[6.539s] Level 1:colcon.colcon_core.environment:checking '/home/mmms/ros2-ws/install/update_pegasus_description/lib/pkgconfig/update_pegasus_description.pc'
[6.540s] Level 1:colcon.colcon_core.environment:checking '/home/mmms/ros2-ws/install/update_pegasus_description/lib/python3.12/site-packages'
[6.540s] Level 1:colcon.colcon_core.environment:checking '/home/mmms/ros2-ws/install/update_pegasus_description/bin'
[6.541s] INFO:colcon.colcon_core.shell:Creating package script '/home/mmms/ros2-ws/install/update_pegasus_description/share/update_pegasus_description/package.ps1'
[6.543s] INFO:colcon.colcon_core.shell:Creating package descriptor '/home/mmms/ros2-ws/install/update_pegasus_description/share/update_pegasus_description/package.dsv'
[6.545s] INFO:colcon.colcon_core.shell:Creating package script '/home/mmms/ros2-ws/install/update_pegasus_description/share/update_pegasus_description/package.sh'
[6.547s] INFO:colcon.colcon_core.shell:Creating package script '/home/mmms/ros2-ws/install/update_pegasus_description/share/update_pegasus_description/package.bash'
[6.549s] INFO:colcon.colcon_core.shell:Creating package script '/home/mmms/ros2-ws/install/update_pegasus_description/share/update_pegasus_description/package.zsh'
[6.550s] Level 1:colcon.colcon_core.environment:create_file_with_runtime_dependencies(/home/mmms/ros2-ws/install/update_pegasus_description/share/colcon-core/packages/update_pegasus_description)
[6.551s] DEBUG:colcon.colcon_parallel_executor.executor.parallel:closing loop
[6.554s] DEBUG:colcon.colcon_parallel_executor.executor.parallel:loop closed
[6.554s] DEBUG:colcon.colcon_parallel_executor.executor.parallel:run_until_complete finished with '0'
[6.554s] DEBUG:colcon.colcon_core.event_reactor:joining thread
[6.609s] INFO:colcon.colcon_core.plugin_system:Skipping extension 'colcon_notification.desktop_notification.terminal_notifier': Not used on non-Darwin systems
[6.609s] INFO:colcon.colcon_core.plugin_system:Skipping extension 'colcon_notification.desktop_notification.win32': Not used on non-Windows systems
[6.609s] INFO:colcon.colcon_notification.desktop_notification:Sending desktop notification using 'notify2'
[6.678s] DEBUG:colcon.colcon_core.event_reactor:joined thread
[6.679s] INFO:colcon.colcon_core.shell:Creating prefix script '/home/mmms/ros2-ws/install/local_setup.ps1'
[6.681s] INFO:colcon.colcon_core.shell:Creating prefix util module '/home/mmms/ros2-ws/install/_local_setup_util_ps1.py'
[6.698s] INFO:colcon.colcon_core.shell:Creating prefix chain script '/home/mmms/ros2-ws/install/setup.ps1'
[6.700s] INFO:colcon.colcon_core.shell:Creating prefix script '/home/mmms/ros2-ws/install/local_setup.sh'
[6.715s] INFO:colcon.colcon_core.shell:Creating prefix util module '/home/mmms/ros2-ws/install/_local_setup_util_sh.py'
[6.716s] INFO:colcon.colcon_core.shell:Creating prefix chain script '/home/mmms/ros2-ws/install/setup.sh'
[6.719s] INFO:colcon.colcon_core.shell:Creating prefix script '/home/mmms/ros2-ws/install/local_setup.bash'
[6.721s] INFO:colcon.colcon_core.shell:Creating prefix chain script '/home/mmms/ros2-ws/install/setup.bash'
[6.723s] INFO:colcon.colcon_core.shell:Creating prefix script '/home/mmms/ros2-ws/install/local_setup.zsh'
[6.724s] INFO:colcon.colcon_core.shell:Creating prefix chain script '/home/mmms/ros2-ws/install/setup.zsh'
