[0.330s] Invoking command in '/home/mmms/ros2-ws/build/update_pegasus_description': CMAKE_PREFIX_PATH=${CMAKE_PREFIX_PATH}:/opt/ros/jazzy DEBUGINFOD_URLS=https://debuginfod.ubuntu.com /usr/bin/cmake --build /home/mmms/ros2-ws/build/update_pegasus_description -- -j4 -l4
[1.634s] Invoked command in '/home/mmms/ros2-ws/build/update_pegasus_description' returned '0': CMAKE_PREFIX_PATH=${CMAKE_PREFIX_PATH}:/opt/ros/jazzy DEBUGINFOD_URLS=https://debuginfod.ubuntu.com /usr/bin/cmake --build /home/mmms/ros2-ws/build/update_pegasus_description -- -j4 -l4
[1.735s] Invoking command in '/home/mmms/ros2-ws/build/update_pegasus_description': CMAKE_PREFIX_PATH=${CMAKE_PREFIX_PATH}:/opt/ros/jazzy DEBUGINFOD_URLS=https://debuginfod.ubuntu.com /usr/bin/cmake --install /home/mmms/ros2-ws/build/update_pegasus_description
[1.767s] -- Install configuration: ""
[1.801s] -- Up-to-date: /home/mmms/ros2-ws/install/update_pegasus_description/share/ament_index/resource_index/package_run_dependencies/update_pegasus_description
[1.802s] -- Up-to-date: /home/mmms/ros2-ws/install/update_pegasus_description/share/ament_index/resource_index/parent_prefix_path/update_pegasus_description
[1.802s] -- Up-to-date: /home/mmms/ros2-ws/install/update_pegasus_description/share/update_pegasus_description/environment/ament_prefix_path.sh
[1.802s] -- Up-to-date: /home/mmms/ros2-ws/install/update_pegasus_description/share/update_pegasus_description/environment/ament_prefix_path.dsv
[1.802s] -- Up-to-date: /home/mmms/ros2-ws/install/update_pegasus_description/share/update_pegasus_description/environment/path.sh
[1.802s] -- Up-to-date: /home/mmms/ros2-ws/install/update_pegasus_description/share/update_pegasus_description/environment/path.dsv
[1.803s] -- Up-to-date: /home/mmms/ros2-ws/install/update_pegasus_description/share/update_pegasus_description/local_setup.bash
[1.803s] -- Up-to-date: /home/mmms/ros2-ws/install/update_pegasus_description/share/update_pegasus_description/local_setup.sh
[1.803s] -- Up-to-date: /home/mmms/ros2-ws/install/update_pegasus_description/share/update_pegasus_description/local_setup.zsh
[1.803s] -- Up-to-date: /home/mmms/ros2-ws/install/update_pegasus_description/share/update_pegasus_description/local_setup.dsv
[1.804s] -- Installing: /home/mmms/ros2-ws/install/update_pegasus_description/share/update_pegasus_description/package.dsv
[1.804s] -- Up-to-date: /home/mmms/ros2-ws/install/update_pegasus_description/share/ament_index/resource_index/packages/update_pegasus_description
[1.804s] -- Up-to-date: /home/mmms/ros2-ws/install/update_pegasus_description/share/update_pegasus_description/cmake/update_pegasus_descriptionConfig.cmake
[1.804s] -- Up-to-date: /home/mmms/ros2-ws/install/update_pegasus_description/share/update_pegasus_description/cmake/update_pegasus_descriptionConfig-version.cmake
[1.804s] -- Up-to-date: /home/mmms/ros2-ws/install/update_pegasus_description/share/update_pegasus_description/package.xml
[1.805s] -- Up-to-date: /home/mmms/ros2-ws/install/update_pegasus_description/share/update_pegasus_description/launch
[1.805s] -- Installing: /home/mmms/ros2-ws/install/update_pegasus_description/share/update_pegasus_description/launch/demo.launch.py
[1.828s] -- Up-to-date: /home/mmms/ros2-ws/install/update_pegasus_description/share/update_pegasus_description/launch/tester.launch.py
[1.828s] -- Up-to-date: /home/mmms/ros2-ws/install/update_pegasus_description/share/update_pegasus_description/launch/spawn.launch.py
[1.829s] -- Up-to-date: /home/mmms/ros2-ws/install/update_pegasus_description/share/update_pegasus_description/launch/rsp.launch.py
[1.829s] -- Up-to-date: /home/mmms/ros2-ws/install/update_pegasus_description/share/update_pegasus_description/launch/move_group.launch.py
[1.829s] -- Up-to-date: /home/mmms/ros2-ws/install/update_pegasus_description/share/update_pegasus_description/launch/pegasus.launch.py
[1.829s] -- Up-to-date: /home/mmms/ros2-ws/install/update_pegasus_description/share/update_pegasus_description/launch/static_virtual_joint_tfs.launch.py
[1.829s] -- Up-to-date: /home/mmms/ros2-ws/install/update_pegasus_description/share/update_pegasus_description/launch/spawn_controllers.launch.py
[1.830s] -- Up-to-date: /home/mmms/ros2-ws/install/update_pegasus_description/share/update_pegasus_description/launch/warehouse_db.launch.py
[1.830s] -- Up-to-date: /home/mmms/ros2-ws/install/update_pegasus_description/share/update_pegasus_description/launch/moveit_rviz.launch.py
[1.830s] -- Up-to-date: /home/mmms/ros2-ws/install/update_pegasus_description/share/update_pegasus_description/launch/setup_assistant.launch.py
[1.830s] -- Up-to-date: /home/mmms/ros2-ws/install/update_pegasus_description/share/update_pegasus_description/launch/display.launch.py
[1.830s] -- Up-to-date: /home/mmms/ros2-ws/install/update_pegasus_description/share/update_pegasus_description/config
[1.831s] -- Up-to-date: /home/mmms/ros2-ws/install/update_pegasus_description/share/update_pegasus_description/config/ros2_controllers.yaml
[1.831s] -- Up-to-date: /home/mmms/ros2-ws/install/update_pegasus_description/share/update_pegasus_description/config/pilz_cartesian_limits.yaml
[1.831s] -- Up-to-date: /home/mmms/ros2-ws/install/update_pegasus_description/share/update_pegasus_description/config/initial_positions.yaml
[1.831s] -- Up-to-date: /home/mmms/ros2-ws/install/update_pegasus_description/share/update_pegasus_description/config/pegasus.urdf.xacro
[1.832s] -- Up-to-date: /home/mmms/ros2-ws/install/update_pegasus_description/share/update_pegasus_description/config/moveit_controllers.yaml
[1.832s] -- Up-to-date: /home/mmms/ros2-ws/install/update_pegasus_description/share/update_pegasus_description/config/joint_limits.yaml
[1.832s] -- Up-to-date: /home/mmms/ros2-ws/install/update_pegasus_description/share/update_pegasus_description/config/pegasus.ros2_control.xacro
[1.832s] -- Up-to-date: /home/mmms/ros2-ws/install/update_pegasus_description/share/update_pegasus_description/config/pegasus.srdf
[1.832s] -- Up-to-date: /home/mmms/ros2-ws/install/update_pegasus_description/share/update_pegasus_description/config/kinematics.yaml
[1.833s] -- Up-to-date: /home/mmms/ros2-ws/install/update_pegasus_description/share/update_pegasus_description/config/moveit.rviz
[1.833s] -- Up-to-date: /home/mmms/ros2-ws/install/update_pegasus_description/share/update_pegasus_description/.setup_assistant
[1.846s] -- Installing: /home/mmms/ros2-ws/install/update_pegasus_description/lib/update_pegasus_description/pegasus_commander.py
[1.862s] -- Installing: /home/mmms/ros2-ws/install/update_pegasus_description/lib/update_pegasus_description/planned_path_listener.py
[1.923s] Invoked command in '/home/mmms/ros2-ws/build/update_pegasus_description' returned '0': CMAKE_PREFIX_PATH=${CMAKE_PREFIX_PATH}:/opt/ros/jazzy DEBUGINFOD_URLS=https://debuginfod.ubuntu.com /usr/bin/cmake --install /home/mmms/ros2-ws/build/update_pegasus_description
