-- Install configuration: ""
-- Up-to-date: /home/mmms/ros2-ws/install/update_pegasus_description/share/ament_index/resource_index/package_run_dependencies/update_pegasus_description
-- Up-to-date: /home/mmms/ros2-ws/install/update_pegasus_description/share/ament_index/resource_index/parent_prefix_path/update_pegasus_description
-- Up-to-date: /home/mmms/ros2-ws/install/update_pegasus_description/share/update_pegasus_description/environment/ament_prefix_path.sh
-- Up-to-date: /home/mmms/ros2-ws/install/update_pegasus_description/share/update_pegasus_description/environment/ament_prefix_path.dsv
-- Up-to-date: /home/mmms/ros2-ws/install/update_pegasus_description/share/update_pegasus_description/environment/path.sh
-- Up-to-date: /home/mmms/ros2-ws/install/update_pegasus_description/share/update_pegasus_description/environment/path.dsv
-- Up-to-date: /home/mmms/ros2-ws/install/update_pegasus_description/share/update_pegasus_description/local_setup.bash
-- Up-to-date: /home/mmms/ros2-ws/install/update_pegasus_description/share/update_pegasus_description/local_setup.sh
-- Up-to-date: /home/mmms/ros2-ws/install/update_pegasus_description/share/update_pegasus_description/local_setup.zsh
-- Up-to-date: /home/mmms/ros2-ws/install/update_pegasus_description/share/update_pegasus_description/local_setup.dsv
-- Installing: /home/mmms/ros2-ws/install/update_pegasus_description/share/update_pegasus_description/package.dsv
-- Up-to-date: /home/mmms/ros2-ws/install/update_pegasus_description/share/ament_index/resource_index/packages/update_pegasus_description
-- Up-to-date: /home/mmms/ros2-ws/install/update_pegasus_description/share/update_pegasus_description/cmake/update_pegasus_descriptionConfig.cmake
-- Up-to-date: /home/mmms/ros2-ws/install/update_pegasus_description/share/update_pegasus_description/cmake/update_pegasus_descriptionConfig-version.cmake
-- Up-to-date: /home/mmms/ros2-ws/install/update_pegasus_description/share/update_pegasus_description/package.xml
-- Up-to-date: /home/mmms/ros2-ws/install/update_pegasus_description/share/update_pegasus_description/launch
-- Installing: /home/mmms/ros2-ws/install/update_pegasus_description/share/update_pegasus_description/launch/demo.launch.py
-- Up-to-date: /home/mmms/ros2-ws/install/update_pegasus_description/share/update_pegasus_description/launch/tester.launch.py
-- Up-to-date: /home/mmms/ros2-ws/install/update_pegasus_description/share/update_pegasus_description/launch/spawn.launch.py
-- Up-to-date: /home/mmms/ros2-ws/install/update_pegasus_description/share/update_pegasus_description/launch/rsp.launch.py
-- Up-to-date: /home/mmms/ros2-ws/install/update_pegasus_description/share/update_pegasus_description/launch/move_group.launch.py
-- Up-to-date: /home/mmms/ros2-ws/install/update_pegasus_description/share/update_pegasus_description/launch/pegasus.launch.py
-- Up-to-date: /home/mmms/ros2-ws/install/update_pegasus_description/share/update_pegasus_description/launch/static_virtual_joint_tfs.launch.py
-- Up-to-date: /home/mmms/ros2-ws/install/update_pegasus_description/share/update_pegasus_description/launch/spawn_controllers.launch.py
-- Up-to-date: /home/mmms/ros2-ws/install/update_pegasus_description/share/update_pegasus_description/launch/warehouse_db.launch.py
-- Up-to-date: /home/mmms/ros2-ws/install/update_pegasus_description/share/update_pegasus_description/launch/moveit_rviz.launch.py
-- Up-to-date: /home/mmms/ros2-ws/install/update_pegasus_description/share/update_pegasus_description/launch/setup_assistant.launch.py
-- Up-to-date: /home/mmms/ros2-ws/install/update_pegasus_description/share/update_pegasus_description/launch/display.launch.py
-- Up-to-date: /home/mmms/ros2-ws/install/update_pegasus_description/share/update_pegasus_description/config
-- Up-to-date: /home/mmms/ros2-ws/install/update_pegasus_description/share/update_pegasus_description/config/ros2_controllers.yaml
-- Up-to-date: /home/mmms/ros2-ws/install/update_pegasus_description/share/update_pegasus_description/config/pilz_cartesian_limits.yaml
-- Up-to-date: /home/mmms/ros2-ws/install/update_pegasus_description/share/update_pegasus_description/config/initial_positions.yaml
-- Up-to-date: /home/mmms/ros2-ws/install/update_pegasus_description/share/update_pegasus_description/config/pegasus.urdf.xacro
-- Up-to-date: /home/mmms/ros2-ws/install/update_pegasus_description/share/update_pegasus_description/config/moveit_controllers.yaml
-- Up-to-date: /home/mmms/ros2-ws/install/update_pegasus_description/share/update_pegasus_description/config/joint_limits.yaml
-- Up-to-date: /home/mmms/ros2-ws/install/update_pegasus_description/share/update_pegasus_description/config/pegasus.ros2_control.xacro
-- Up-to-date: /home/mmms/ros2-ws/install/update_pegasus_description/share/update_pegasus_description/config/pegasus.srdf
-- Up-to-date: /home/mmms/ros2-ws/install/update_pegasus_description/share/update_pegasus_description/config/kinematics.yaml
-- Up-to-date: /home/mmms/ros2-ws/install/update_pegasus_description/share/update_pegasus_description/config/moveit.rviz
-- Up-to-date: /home/mmms/ros2-ws/install/update_pegasus_description/share/update_pegasus_description/.setup_assistant
-- Up-to-date: /home/mmms/ros2-ws/install/update_pegasus_description/lib/update_pegasus_description/pegasus_commander.py
-- Up-to-date: /home/mmms/ros2-ws/install/update_pegasus_description/lib/update_pegasus_description/planned_path_listener.py
